2026-04-26 00:01:57 [restartedMain] INFO  c.back.puntoventa.app.AppApplication - Starting AppApplication using Java 17.0.18 with PID 7612 (C:\Users\LENOVO\Desktop\PuntoVentaOficial\Back-PuntoVenta\target\classes started by LENOVO in C:\Users\LENOVO\Desktop\PuntoVentaOficial\Back-PuntoVenta)
2026-04-26 00:01:57 [restartedMain] DEBUG c.back.puntoventa.app.AppApplication - Running with Spring Boot v3.4.1, Spring v6.2.1
2026-04-26 00:01:57 [restartedMain] INFO  c.back.puntoventa.app.AppApplication - No active profile set, falling back to 1 default profile: "default"
2026-04-26 00:01:57 [restartedMain] WARN  o.s.b.w.s.c.AnnotationConfigServletWebServerApplicationContext - Exception encountered during context initialization - cancelling refresh attempt: org.springframework.beans.factory.BeanDefinitionStoreException: I/O failure while processing configuration class [null]
2026-04-26 00:01:57 [restartedMain] ERROR o.s.boot.SpringApplication - Application run failed
org.springframework.beans.factory.BeanDefinitionStoreException: I/O failure while processing configuration class [null]
	at org.springframework.context.annotation.ConfigurationClassParser.processConfigurationClass(ConfigurationClassParser.java:272)
	at org.springframework.context.annotation.ConfigurationClassParser.parse(ConfigurationClassParser.java:193)
	at org.springframework.context.annotation.ConfigurationClassParser.parse(ConfigurationClassParser.java:171)
	at org.springframework.context.annotation.ConfigurationClassPostProcessor.processConfigBeanDefinitions(ConfigurationClassPostProcessor.java:418)
	at org.springframework.context.annotation.ConfigurationClassPostProcessor.postProcessBeanDefinitionRegistry(ConfigurationClassPostProcessor.java:290)
	at org.springframework.context.support.PostProcessorRegistrationDelegate.invokeBeanDefinitionRegistryPostProcessors(PostProcessorRegistrationDelegate.java:349)
	at org.springframework.context.support.PostProcessorRegistrationDelegate.invokeBeanFactoryPostProcessors(PostProcessorRegistrationDelegate.java:118)
	at org.springframework.context.support.AbstractApplicationContext.invokeBeanFactoryPostProcessors(AbstractApplicationContext.java:791)
	at org.springframework.context.support.AbstractApplicationContext.refresh(AbstractApplicationContext.java:609)
	at org.springframework.boot.web.servlet.context.ServletWebServerApplicationContext.refresh(ServletWebServerApplicationContext.java:146)
	at org.springframework.boot.SpringApplication.refresh(SpringApplication.java:752)
	at org.springframework.boot.SpringApplication.refreshContext(SpringApplication.java:439)
	at org.springframework.boot.SpringApplication.run(SpringApplication.java:318)
	at org.springframework.boot.SpringApplication.run(SpringApplication.java:1361)
	at org.springframework.boot.SpringApplication.run(SpringApplication.java:1350)
	at com.back.puntoventa.app.AppApplication.main(AppApplication.java:13)
	at java.base/jdk.internal.reflect.NativeMethodAccessorImpl.invoke0(Native Method)
	at java.base/jdk.internal.reflect.NativeMethodAccessorImpl.invoke(NativeMethodAccessorImpl.java:77)
	at java.base/jdk.internal.reflect.DelegatingMethodAccessorImpl.invoke(DelegatingMethodAccessorImpl.java:43)
	at java.base/java.lang.reflect.Method.invoke(Method.java:569)
	at org.springframework.boot.devtools.restart.RestartLauncher.run(RestartLauncher.java:50)
Caused by: java.io.FileNotFoundException: class path resource [com/back/puntoventa/app/AppApplication.class] cannot be opened because it does not exist
	at org.springframework.core.io.ClassPathResource.getInputStream(ClassPathResource.java:215)
	at org.springframework.core.type.classreading.SimpleMetadataReader.getClassReader(SimpleMetadataReader.java:54)
	at org.springframework.core.type.classreading.SimpleMetadataReader.<init>(SimpleMetadataReader.java:48)
	at org.springframework.core.type.classreading.SimpleMetadataReaderFactory.getMetadataReader(SimpleMetadataReaderFactory.java:103)
	at org.springframework.boot.type.classreading.ConcurrentReferenceCachingMetadataReaderFactory.createMetadataReader(ConcurrentReferenceCachingMetadataReaderFactory.java:98)
	at org.springframework.boot.type.classreading.ConcurrentReferenceCachingMetadataReaderFactory.getMetadataReader(ConcurrentReferenceCachingMetadataReaderFactory.java:85)
	at org.springframework.core.type.classreading.SimpleMetadataReaderFactory.getMetadataReader(SimpleMetadataReaderFactory.java:81)
	at org.springframework.boot.type.classreading.ConcurrentReferenceCachingMetadataReaderFactory.getMetadataReader(ConcurrentReferenceCachingMetadataReaderFactory.java:75)
	at org.springframework.context.annotation.ConfigurationClassParser.asSourceClass(ConfigurationClassParser.java:697)
	at org.springframework.context.annotation.ConfigurationClassParser.asSourceClass(ConfigurationClassParser.java:663)
	at org.springframework.context.annotation.ConfigurationClassParser.asSourceClass(ConfigurationClassParser.java:641)
	at org.springframework.context.annotation.ConfigurationClassParser.processConfigurationClass(ConfigurationClassParser.java:265)
	... 20 common frames omitted
2026-04-26 00:02:11 [restartedMain] INFO  c.back.puntoventa.app.AppApplication - Starting AppApplication using Java 17.0.18 with PID 7612 (C:\Users\LENOVO\Desktop\PuntoVentaOficial\Back-PuntoVenta\target\classes started by LENOVO in C:\Users\LENOVO\Desktop\PuntoVentaOficial\Back-PuntoVenta)
2026-04-26 00:02:11 [restartedMain] DEBUG c.back.puntoventa.app.AppApplication - Running with Spring Boot v3.4.1, Spring v6.2.1
2026-04-26 00:02:11 [restartedMain] INFO  c.back.puntoventa.app.AppApplication - No active profile set, falling back to 1 default profile: "default"
2026-04-26 00:02:11 [restartedMain] WARN  o.s.b.w.s.c.AnnotationConfigServletWebServerApplicationContext - Exception encountered during context initialization - cancelling refresh attempt: org.springframework.beans.factory.BeanDefinitionStoreException: I/O failure while processing configuration class [null]
2026-04-26 00:02:11 [restartedMain] ERROR o.s.boot.SpringApplication - Application run failed
org.springframework.beans.factory.BeanDefinitionStoreException: I/O failure while processing configuration class [null]
	at org.springframework.context.annotation.ConfigurationClassParser.processConfigurationClass(ConfigurationClassParser.java:272)
	at org.springframework.context.annotation.ConfigurationClassParser.parse(ConfigurationClassParser.java:193)
	at org.springframework.context.annotation.ConfigurationClassParser.parse(ConfigurationClassParser.java:171)
	at org.springframework.context.annotation.ConfigurationClassPostProcessor.processConfigBeanDefinitions(ConfigurationClassPostProcessor.java:418)
	at org.springframework.context.annotation.ConfigurationClassPostProcessor.postProcessBeanDefinitionRegistry(ConfigurationClassPostProcessor.java:290)
	at org.springframework.context.support.PostProcessorRegistrationDelegate.invokeBeanDefinitionRegistryPostProcessors(PostProcessorRegistrationDelegate.java:349)
	at org.springframework.context.support.PostProcessorRegistrationDelegate.invokeBeanFactoryPostProcessors(PostProcessorRegistrationDelegate.java:118)
	at org.springframework.context.support.AbstractApplicationContext.invokeBeanFactoryPostProcessors(AbstractApplicationContext.java:791)
	at org.springframework.context.support.AbstractApplicationContext.refresh(AbstractApplicationContext.java:609)
	at org.springframework.boot.web.servlet.context.ServletWebServerApplicationContext.refresh(ServletWebServerApplicationContext.java:146)
	at org.springframework.boot.SpringApplication.refresh(SpringApplication.java:752)
	at org.springframework.boot.SpringApplication.refreshContext(SpringApplication.java:439)
	at org.springframework.boot.SpringApplication.run(SpringApplication.java:318)
	at org.springframework.boot.SpringApplication.run(SpringApplication.java:1361)
	at org.springframework.boot.SpringApplication.run(SpringApplication.java:1350)
	at com.back.puntoventa.app.AppApplication.main(AppApplication.java:13)
	at java.base/jdk.internal.reflect.NativeMethodAccessorImpl.invoke0(Native Method)
	at java.base/jdk.internal.reflect.NativeMethodAccessorImpl.invoke(NativeMethodAccessorImpl.java:77)
	at java.base/jdk.internal.reflect.DelegatingMethodAccessorImpl.invoke(DelegatingMethodAccessorImpl.java:43)
	at java.base/java.lang.reflect.Method.invoke(Method.java:569)
	at org.springframework.boot.devtools.restart.RestartLauncher.run(RestartLauncher.java:50)
Caused by: java.io.FileNotFoundException: class path resource [com/back/puntoventa/app/AppApplication.class] cannot be opened because it does not exist
	at org.springframework.core.io.ClassPathResource.getInputStream(ClassPathResource.java:215)
	at org.springframework.core.type.classreading.SimpleMetadataReader.getClassReader(SimpleMetadataReader.java:54)
	at org.springframework.core.type.classreading.SimpleMetadataReader.<init>(SimpleMetadataReader.java:48)
	at org.springframework.core.type.classreading.SimpleMetadataReaderFactory.getMetadataReader(SimpleMetadataReaderFactory.java:103)
	at org.springframework.boot.type.classreading.ConcurrentReferenceCachingMetadataReaderFactory.createMetadataReader(ConcurrentReferenceCachingMetadataReaderFactory.java:98)
	at org.springframework.boot.type.classreading.ConcurrentReferenceCachingMetadataReaderFactory.getMetadataReader(ConcurrentReferenceCachingMetadataReaderFactory.java:85)
	at org.springframework.core.type.classreading.SimpleMetadataReaderFactory.getMetadataReader(SimpleMetadataReaderFactory.java:81)
	at org.springframework.boot.type.classreading.ConcurrentReferenceCachingMetadataReaderFactory.getMetadataReader(ConcurrentReferenceCachingMetadataReaderFactory.java:75)
	at org.springframework.context.annotation.ConfigurationClassParser.asSourceClass(ConfigurationClassParser.java:697)
	at org.springframework.context.annotation.ConfigurationClassParser.asSourceClass(ConfigurationClassParser.java:663)
	at org.springframework.context.annotation.ConfigurationClassParser.asSourceClass(ConfigurationClassParser.java:641)
	at org.springframework.context.annotation.ConfigurationClassParser.processConfigurationClass(ConfigurationClassParser.java:265)
	... 20 common frames omitted
2026-04-26 00:02:14 [restartedMain] INFO  c.back.puntoventa.app.AppApplication - Starting AppApplication using Java 17.0.18 with PID 7612 (C:\Users\LENOVO\Desktop\PuntoVentaOficial\Back-PuntoVenta\target\classes started by LENOVO in C:\Users\LENOVO\Desktop\PuntoVentaOficial\Back-PuntoVenta)
2026-04-26 00:02:14 [restartedMain] DEBUG c.back.puntoventa.app.AppApplication - Running with Spring Boot v3.4.1, Spring v6.2.1
2026-04-26 00:02:14 [restartedMain] INFO  c.back.puntoventa.app.AppApplication - No active profile set, falling back to 1 default profile: "default"
2026-04-26 00:02:14 [restartedMain] WARN  o.s.b.w.s.c.AnnotationConfigServletWebServerApplicationContext - Exception encountered during context initialization - cancelling refresh attempt: org.springframework.beans.factory.BeanDefinitionStoreException: I/O failure while processing configuration class [null]
2026-04-26 00:02:14 [restartedMain] ERROR o.s.boot.SpringApplication - Application run failed
org.springframework.beans.factory.BeanDefinitionStoreException: I/O failure while processing configuration class [null]
	at org.springframework.context.annotation.ConfigurationClassParser.processConfigurationClass(ConfigurationClassParser.java:272)
	at org.springframework.context.annotation.ConfigurationClassParser.parse(ConfigurationClassParser.java:193)
	at org.springframework.context.annotation.ConfigurationClassParser.parse(ConfigurationClassParser.java:171)
	at org.springframework.context.annotation.ConfigurationClassPostProcessor.processConfigBeanDefinitions(ConfigurationClassPostProcessor.java:418)
	at org.springframework.context.annotation.ConfigurationClassPostProcessor.postProcessBeanDefinitionRegistry(ConfigurationClassPostProcessor.java:290)
	at org.springframework.context.support.PostProcessorRegistrationDelegate.invokeBeanDefinitionRegistryPostProcessors(PostProcessorRegistrationDelegate.java:349)
	at org.springframework.context.support.PostProcessorRegistrationDelegate.invokeBeanFactoryPostProcessors(PostProcessorRegistrationDelegate.java:118)
	at org.springframework.context.support.AbstractApplicationContext.invokeBeanFactoryPostProcessors(AbstractApplicationContext.java:791)
	at org.springframework.context.support.AbstractApplicationContext.refresh(AbstractApplicationContext.java:609)
	at org.springframework.boot.web.servlet.context.ServletWebServerApplicationContext.refresh(ServletWebServerApplicationContext.java:146)
	at org.springframework.boot.SpringApplication.refresh(SpringApplication.java:752)
	at org.springframework.boot.SpringApplication.refreshContext(SpringApplication.java:439)
	at org.springframework.boot.SpringApplication.run(SpringApplication.java:318)
	at org.springframework.boot.SpringApplication.run(SpringApplication.java:1361)
	at org.springframework.boot.SpringApplication.run(SpringApplication.java:1350)
	at com.back.puntoventa.app.AppApplication.main(AppApplication.java:13)
	at java.base/jdk.internal.reflect.NativeMethodAccessorImpl.invoke0(Native Method)
	at java.base/jdk.internal.reflect.NativeMethodAccessorImpl.invoke(NativeMethodAccessorImpl.java:77)
	at java.base/jdk.internal.reflect.DelegatingMethodAccessorImpl.invoke(DelegatingMethodAccessorImpl.java:43)
	at java.base/java.lang.reflect.Method.invoke(Method.java:569)
	at org.springframework.boot.devtools.restart.RestartLauncher.run(RestartLauncher.java:50)
Caused by: java.io.FileNotFoundException: class path resource [com/back/puntoventa/app/AppApplication.class] cannot be opened because it does not exist
	at org.springframework.core.io.ClassPathResource.getInputStream(ClassPathResource.java:215)
	at org.springframework.core.type.classreading.SimpleMetadataReader.getClassReader(SimpleMetadataReader.java:54)
	at org.springframework.core.type.classreading.SimpleMetadataReader.<init>(SimpleMetadataReader.java:48)
	at org.springframework.core.type.classreading.SimpleMetadataReaderFactory.getMetadataReader(SimpleMetadataReaderFactory.java:103)
	at org.springframework.boot.type.classreading.ConcurrentReferenceCachingMetadataReaderFactory.createMetadataReader(ConcurrentReferenceCachingMetadataReaderFactory.java:98)
	at org.springframework.boot.type.classreading.ConcurrentReferenceCachingMetadataReaderFactory.getMetadataReader(ConcurrentReferenceCachingMetadataReaderFactory.java:85)
	at org.springframework.core.type.classreading.SimpleMetadataReaderFactory.getMetadataReader(SimpleMetadataReaderFactory.java:81)
	at org.springframework.boot.type.classreading.ConcurrentReferenceCachingMetadataReaderFactory.getMetadataReader(ConcurrentReferenceCachingMetadataReaderFactory.java:75)
	at org.springframework.context.annotation.ConfigurationClassParser.asSourceClass(ConfigurationClassParser.java:697)
	at org.springframework.context.annotation.ConfigurationClassParser.asSourceClass(ConfigurationClassParser.java:663)
	at org.springframework.context.annotation.ConfigurationClassParser.asSourceClass(ConfigurationClassParser.java:641)
	at org.springframework.context.annotation.ConfigurationClassParser.processConfigurationClass(ConfigurationClassParser.java:265)
	... 20 common frames omitted
2026-04-26 00:14:00 [background-preinit] INFO  o.h.validator.internal.util.Version - HV000001: Hibernate Validator 8.0.2.Final
2026-04-26 00:14:00 [restartedMain] INFO  c.back.puntoventa.app.AppApplication - Starting AppApplication using Java 17.0.18 with PID 28556 (C:\Users\LENOVO\Desktop\PuntoVentaOficial\Back-PuntoVenta\target\classes started by LENOVO in C:\Users\LENOVO\Desktop\PuntoVentaOficial\Back-PuntoVenta)
2026-04-26 00:14:00 [restartedMain] DEBUG c.back.puntoventa.app.AppApplication - Running with Spring Boot v3.4.1, Spring v6.2.1
2026-04-26 00:14:00 [restartedMain] INFO  c.back.puntoventa.app.AppApplication - No active profile set, falling back to 1 default profile: "default"
2026-04-26 00:14:00 [restartedMain] INFO  o.s.b.d.e.DevToolsPropertyDefaultsPostProcessor - Devtools property defaults active! Set 'spring.devtools.add-properties' to 'false' to disable
2026-04-26 00:14:00 [restartedMain] INFO  o.s.b.d.e.DevToolsPropertyDefaultsPostProcessor - For additional web related logging consider setting the 'logging.level.web' property to 'DEBUG'
2026-04-26 00:14:01 [restartedMain] INFO  o.s.b.w.e.tomcat.TomcatWebServer - Tomcat initialized with port 3000 (http)
2026-04-26 00:14:01 [restartedMain] INFO  o.a.coyote.http11.Http11NioProtocol - Initializing ProtocolHandler ["http-nio-3000"]
2026-04-26 00:14:01 [restartedMain] INFO  o.a.catalina.core.StandardService - Starting service [Tomcat]
2026-04-26 00:14:01 [restartedMain] INFO  o.a.catalina.core.StandardEngine - Starting Servlet engine: [Apache Tomcat/10.1.34]
2026-04-26 00:14:02 [restartedMain] INFO  o.a.c.c.C.[Tomcat].[localhost].[/] - Initializing Spring embedded WebApplicationContext
2026-04-26 00:14:02 [restartedMain] INFO  o.s.b.w.s.c.ServletWebServerApplicationContext - Root WebApplicationContext: initialization completed in 1021 ms
2026-04-26 00:14:02 [restartedMain] INFO  o.s.b.d.a.OptionalLiveReloadServer - LiveReload server is running on port 35729
2026-04-26 00:14:02 [restartedMain] INFO  o.a.coyote.http11.Http11NioProtocol - Starting ProtocolHandler ["http-nio-3000"]
2026-04-26 00:14:02 [restartedMain] INFO  o.s.b.w.e.tomcat.TomcatWebServer - Tomcat started on port 3000 (http) with context path '/'
2026-04-26 00:14:02 [restartedMain] INFO  c.back.puntoventa.app.AppApplication - Started AppApplication in 2.089 seconds (process running for 2.459)
2026-04-26 00:19:44 [http-nio-3000-exec-1] INFO  o.a.c.c.C.[Tomcat].[localhost].[/] - Initializing Spring DispatcherServlet 'dispatcherServlet'
2026-04-26 00:19:44 [http-nio-3000-exec-1] INFO  o.s.web.servlet.DispatcherServlet - Initializing Servlet 'dispatcherServlet'
2026-04-26 00:19:44 [http-nio-3000-exec-1] INFO  o.s.web.servlet.DispatcherServlet - Completed initialization in 1 ms
2026-04-26 00:19:45 [http-nio-3000-exec-1] INFO  c.b.p.a.a.ventas.VentaRestAdapter - GET /ventas/cierre-jornada - Obtener cierre de jornada para vendedor 2ab0631c-da17-4bd8-b9b9-237de54711c6 y fecha 2026-04-25
2026-04-26 00:19:45 [http-nio-3000-exec-1] INFO  c.b.p.a.d.v.s.GestionVentasService - Obteniendo resumen de cierre de jornada para vendedor 2ab0631c-da17-4bd8-b9b9-237de54711c6 en fecha 2026-04-25
2026-04-26 00:20:33 [SpringApplicationShutdownHook] INFO  o.s.b.w.e.tomcat.GracefulShutdown - Commencing graceful shutdown. Waiting for active requests to complete
2026-04-26 00:20:33 [tomcat-shutdown] INFO  o.s.b.w.e.tomcat.GracefulShutdown - Graceful shutdown complete
2026-04-26 11:12:45 [background-preinit] INFO  o.h.validator.internal.util.Version - HV000001: Hibernate Validator 8.0.2.Final
2026-04-26 11:12:45 [restartedMain] INFO  c.back.puntoventa.app.AppApplication - Starting AppApplication using Java 17.0.18 with PID 23316 (C:\Users\LENOVO\Desktop\PuntoVentaOficial\Back-PuntoVenta\target\classes started by LENOVO in C:\Users\LENOVO\Desktop\PuntoVentaOficial\Back-PuntoVenta)
2026-04-26 11:12:45 [restartedMain] DEBUG c.back.puntoventa.app.AppApplication - Running with Spring Boot v3.4.1, Spring v6.2.1
2026-04-26 11:12:45 [restartedMain] INFO  c.back.puntoventa.app.AppApplication - No active profile set, falling back to 1 default profile: "default"
2026-04-26 11:12:45 [restartedMain] INFO  o.s.b.d.e.DevToolsPropertyDefaultsPostProcessor - Devtools property defaults active! Set 'spring.devtools.add-properties' to 'false' to disable
2026-04-26 11:12:45 [restartedMain] INFO  o.s.b.d.e.DevToolsPropertyDefaultsPostProcessor - For additional web related logging consider setting the 'logging.level.web' property to 'DEBUG'
2026-04-26 11:12:46 [restartedMain] INFO  o.s.b.w.e.tomcat.TomcatWebServer - Tomcat initialized with port 3000 (http)
2026-04-26 11:12:47 [restartedMain] INFO  o.a.coyote.http11.Http11NioProtocol - Initializing ProtocolHandler ["http-nio-3000"]
2026-04-26 11:12:47 [restartedMain] INFO  o.a.catalina.core.StandardService - Starting service [Tomcat]
2026-04-26 11:12:47 [restartedMain] INFO  o.a.catalina.core.StandardEngine - Starting Servlet engine: [Apache Tomcat/10.1.34]
2026-04-26 11:12:47 [restartedMain] INFO  o.a.c.c.C.[Tomcat].[localhost].[/] - Initializing Spring embedded WebApplicationContext
2026-04-26 11:12:47 [restartedMain] INFO  o.s.b.w.s.c.ServletWebServerApplicationContext - Root WebApplicationContext: initialization completed in 1304 ms
2026-04-26 11:12:47 [restartedMain] INFO  o.s.b.d.a.OptionalLiveReloadServer - LiveReload server is running on port 35729
2026-04-26 11:12:47 [restartedMain] INFO  o.a.coyote.http11.Http11NioProtocol - Starting ProtocolHandler ["http-nio-3000"]
2026-04-26 11:12:47 [restartedMain] INFO  o.s.b.w.e.tomcat.TomcatWebServer - Tomcat started on port 3000 (http) with context path '/'
2026-04-26 11:12:47 [restartedMain] INFO  c.back.puntoventa.app.AppApplication - Started AppApplication in 2.754 seconds (process running for 3.27)
2026-04-26 11:13:00 [http-nio-3000-exec-2] INFO  o.a.c.c.C.[Tomcat].[localhost].[/] - Initializing Spring DispatcherServlet 'dispatcherServlet'
2026-04-26 11:13:00 [http-nio-3000-exec-2] INFO  o.s.web.servlet.DispatcherServlet - Initializing Servlet 'dispatcherServlet'
2026-04-26 11:13:00 [http-nio-3000-exec-2] INFO  o.s.web.servlet.DispatcherServlet - Completed initialization in 1 ms
2026-04-26 11:13:00 [http-nio-3000-exec-2] INFO  c.b.p.a.a.ventas.VentaRestAdapter - GET /ventas/cierre-jornada - Obtener cierre de jornada para vendedor 2ab0631c-da17-4bd8-b9b9-237de54711c6 y fecha 2026-04-25
2026-04-26 11:13:00 [http-nio-3000-exec-2] INFO  c.b.p.a.d.v.s.GestionVentasService - Obteniendo resumen de cierre de jornada para vendedor 2ab0631c-da17-4bd8-b9b9-237de54711c6 en fecha 2026-04-25
2026-04-26 11:13:21 [http-nio-3000-exec-3] INFO  c.b.p.a.a.ventas.VentaRestAdapter - GET /ventas/cierre-jornada - Obtener cierre de jornada para vendedor 2ab0631c-da17-4bd8-b9b9-237de54711c6 y fecha 2026-04-26
2026-04-26 11:13:21 [http-nio-3000-exec-3] INFO  c.b.p.a.d.v.s.GestionVentasService - Obteniendo resumen de cierre de jornada para vendedor 2ab0631c-da17-4bd8-b9b9-237de54711c6 en fecha 2026-04-26
2026-04-26 11:26:18 [SpringApplicationShutdownHook] INFO  o.s.b.w.e.tomcat.GracefulShutdown - Commencing graceful shutdown. Waiting for active requests to complete
2026-04-26 11:26:18 [tomcat-shutdown] INFO  o.s.b.w.e.tomcat.GracefulShutdown - Graceful shutdown complete
2026-04-26 11:41:17 [background-preinit] INFO  o.h.validator.internal.util.Version - HV000001: Hibernate Validator 8.0.2.Final
2026-04-26 11:41:17 [restartedMain] INFO  c.back.puntoventa.app.AppApplication - Starting AppApplication using Java 17.0.18 with PID 2420 (C:\Users\LENOVO\Desktop\PuntoVentaOficial\Back-PuntoVenta\target\classes started by LENOVO in C:\Users\LENOVO\Desktop\PuntoVentaOficial\Back-PuntoVenta)
2026-04-26 11:41:17 [restartedMain] DEBUG c.back.puntoventa.app.AppApplication - Running with Spring Boot v3.4.1, Spring v6.2.1
2026-04-26 11:41:17 [restartedMain] INFO  c.back.puntoventa.app.AppApplication - No active profile set, falling back to 1 default profile: "default"
2026-04-26 11:41:17 [restartedMain] INFO  o.s.b.d.e.DevToolsPropertyDefaultsPostProcessor - Devtools property defaults active! Set 'spring.devtools.add-properties' to 'false' to disable
2026-04-26 11:41:17 [restartedMain] INFO  o.s.b.d.e.DevToolsPropertyDefaultsPostProcessor - For additional web related logging consider setting the 'logging.level.web' property to 'DEBUG'
2026-04-26 11:41:18 [restartedMain] INFO  o.s.b.w.e.tomcat.TomcatWebServer - Tomcat initialized with port 3000 (http)
2026-04-26 11:41:18 [restartedMain] INFO  o.a.coyote.http11.Http11NioProtocol - Initializing ProtocolHandler ["http-nio-3000"]
2026-04-26 11:41:18 [restartedMain] INFO  o.a.catalina.core.StandardService - Starting service [Tomcat]
2026-04-26 11:41:18 [restartedMain] INFO  o.a.catalina.core.StandardEngine - Starting Servlet engine: [Apache Tomcat/10.1.34]
2026-04-26 11:41:18 [restartedMain] INFO  o.a.c.c.C.[Tomcat].[localhost].[/] - Initializing Spring embedded WebApplicationContext
2026-04-26 11:41:18 [restartedMain] INFO  o.s.b.w.s.c.ServletWebServerApplicationContext - Root WebApplicationContext: initialization completed in 1179 ms
2026-04-26 11:41:19 [restartedMain] INFO  o.s.b.d.a.OptionalLiveReloadServer - LiveReload server is running on port 35729
2026-04-26 11:41:19 [restartedMain] INFO  o.a.coyote.http11.Http11NioProtocol - Starting ProtocolHandler ["http-nio-3000"]
2026-04-26 11:41:19 [restartedMain] INFO  o.s.b.w.e.tomcat.TomcatWebServer - Tomcat started on port 3000 (http) with context path '/'
2026-04-26 11:41:19 [restartedMain] INFO  c.back.puntoventa.app.AppApplication - Started AppApplication in 2.38 seconds (process running for 2.72)
2026-04-26 11:42:12 [http-nio-3000-exec-1] INFO  o.a.c.c.C.[Tomcat].[localhost].[/] - Initializing Spring DispatcherServlet 'dispatcherServlet'
2026-04-26 11:42:12 [http-nio-3000-exec-1] INFO  o.s.web.servlet.DispatcherServlet - Initializing Servlet 'dispatcherServlet'
2026-04-26 11:42:12 [http-nio-3000-exec-1] INFO  o.s.web.servlet.DispatcherServlet - Completed initialization in 2 ms
2026-04-26 11:42:12 [http-nio-3000-exec-1] INFO  c.b.p.a.a.ventas.VentaRestAdapter - POST /ventas/confirmar-cierre - Confirmar cierre de jornada para vendedor 2ab0631c-da17-4bd8-b9b9-237de54711c6 y fecha 2026-04-26
2026-04-26 11:42:12 [http-nio-3000-exec-1] INFO  c.b.p.a.d.v.s.GestionVentasService - Confirmando cierre de jornada para vendedor 2ab0631c-da17-4bd8-b9b9-237de54711c6 en fecha 2026-04-26 con dinero contado 350.0
2026-04-26 11:42:15 [http-nio-3000-exec-1] INFO  c.b.p.a.d.v.s.GestionVentasService - Conciliación de efectivo completada - Esperado: 0, Contado: 350.0, Diferencia: 350.0, Estado: SOBRANTE
2026-04-26 11:42:15 [http-nio-3000-exec-1] INFO  c.b.p.a.a.ventas.VentaRestAdapter - Cierre de jornada confirmado - Estado conciliación: SOBRANTE
2026-04-26 11:42:37 [File Watcher] INFO  o.s.b.d.a.LocalDevToolsAutoConfiguration$RestartingClassPathChangeChangedEventListener - Restarting due to 6 class path changes (0 additions, 0 deletions, 6 modifications)
2026-04-26 11:42:37 [Thread-5] INFO  o.s.b.w.e.tomcat.GracefulShutdown - Commencing graceful shutdown. Waiting for active requests to complete
2026-04-26 11:42:37 [tomcat-shutdown] INFO  o.a.coyote.http11.Http11NioProtocol - Pausing ProtocolHandler ["http-nio-3000"]
2026-04-26 11:42:37 [tomcat-shutdown] INFO  o.s.b.w.e.tomcat.GracefulShutdown - Graceful shutdown complete
2026-04-26 11:42:37 [Thread-5] INFO  o.a.coyote.http11.Http11NioProtocol - Stopping ProtocolHandler ["http-nio-3000"]
2026-04-26 11:42:37 [restartedMain] INFO  c.back.puntoventa.app.AppApplication - Starting AppApplication using Java 17.0.18 with PID 2420 (C:\Users\LENOVO\Desktop\PuntoVentaOficial\Back-PuntoVenta\target\classes started by LENOVO in C:\Users\LENOVO\Desktop\PuntoVentaOficial\Back-PuntoVenta)
2026-04-26 11:42:37 [restartedMain] DEBUG c.back.puntoventa.app.AppApplication - Running with Spring Boot v3.4.1, Spring v6.2.1
2026-04-26 11:42:37 [restartedMain] INFO  c.back.puntoventa.app.AppApplication - No active profile set, falling back to 1 default profile: "default"
2026-04-26 11:42:37 [restartedMain] WARN  o.s.b.w.s.c.AnnotationConfigServletWebServerApplicationContext - Exception encountered during context initialization - cancelling refresh attempt: org.springframework.beans.factory.BeanDefinitionStoreException: Incompatible class format in file [C:\Users\LENOVO\Desktop\PuntoVentaOficial\Back-PuntoVenta\target\classes\com\back\puntoventa\app\application\ventas\VentaRestAdapter.class]: set system property 'spring.classformat.ignore' to 'true' if you mean to ignore such files during classpath scanning
2026-04-26 11:42:37 [restartedMain] ERROR o.s.boot.SpringApplication - Application run failed
org.springframework.beans.factory.BeanDefinitionStoreException: Incompatible class format in file [C:\Users\LENOVO\Desktop\PuntoVentaOficial\Back-PuntoVenta\target\classes\com\back\puntoventa\app\application\ventas\VentaRestAdapter.class]: set system property 'spring.classformat.ignore' to 'true' if you mean to ignore such files during classpath scanning
	at org.springframework.context.annotation.ClassPathScanningCandidateComponentProvider.scanCandidateComponents(ClassPathScanningCandidateComponentProvider.java:504)
	at org.springframework.context.annotation.ClassPathScanningCandidateComponentProvider.findCandidateComponents(ClassPathScanningCandidateComponentProvider.java:351)
	at org.springframework.context.annotation.ClassPathBeanDefinitionScanner.doScan(ClassPathBeanDefinitionScanner.java:277)
	at org.springframework.context.annotation.ComponentScanAnnotationParser.parse(ComponentScanAnnotationParser.java:128)
	at org.springframework.context.annotation.ConfigurationClassParser.doProcessConfigurationClass(ConfigurationClassParser.java:332)
	at org.springframework.context.annotation.ConfigurationClassParser.processConfigurationClass(ConfigurationClassParser.java:267)
	at org.springframework.context.annotation.ConfigurationClassParser.parse(ConfigurationClassParser.java:193)
	at org.springframework.context.annotation.ConfigurationClassParser.parse(ConfigurationClassParser.java:171)
	at org.springframework.context.annotation.ConfigurationClassPostProcessor.processConfigBeanDefinitions(ConfigurationClassPostProcessor.java:418)
	at org.springframework.context.annotation.ConfigurationClassPostProcessor.postProcessBeanDefinitionRegistry(ConfigurationClassPostProcessor.java:290)
	at org.springframework.context.support.PostProcessorRegistrationDelegate.invokeBeanDefinitionRegistryPostProcessors(PostProcessorRegistrationDelegate.java:349)
	at org.springframework.context.support.PostProcessorRegistrationDelegate.invokeBeanFactoryPostProcessors(PostProcessorRegistrationDelegate.java:118)
	at org.springframework.context.support.AbstractApplicationContext.invokeBeanFactoryPostProcessors(AbstractApplicationContext.java:791)
	at org.springframework.context.support.AbstractApplicationContext.refresh(AbstractApplicationContext.java:609)
	at org.springframework.boot.web.servlet.context.ServletWebServerApplicationContext.refresh(ServletWebServerApplicationContext.java:146)
	at org.springframework.boot.SpringApplication.refresh(SpringApplication.java:752)
	at org.springframework.boot.SpringApplication.refreshContext(SpringApplication.java:439)
	at org.springframework.boot.SpringApplication.run(SpringApplication.java:318)
	at org.springframework.boot.SpringApplication.run(SpringApplication.java:1361)
	at org.springframework.boot.SpringApplication.run(SpringApplication.java:1350)
	at com.back.puntoventa.app.AppApplication.main(AppApplication.java:13)
	at java.base/jdk.internal.reflect.NativeMethodAccessorImpl.invoke0(Native Method)
	at java.base/jdk.internal.reflect.NativeMethodAccessorImpl.invoke(NativeMethodAccessorImpl.java:77)
	at java.base/jdk.internal.reflect.DelegatingMethodAccessorImpl.invoke(DelegatingMethodAccessorImpl.java:43)
	at java.base/java.lang.reflect.Method.invoke(Method.java:569)
	at org.springframework.boot.devtools.restart.RestartLauncher.run(RestartLauncher.java:50)
Caused by: org.springframework.core.type.classreading.ClassFormatException: ASM ClassReader failed to parse class file - probably due to a new Java class file version that is not supported yet. Consider compiling with a lower '-target' or upgrade your framework version. Affected class: file [C:\Users\LENOVO\Desktop\PuntoVentaOficial\Back-PuntoVenta\target\classes\com\back\puntoventa\app\application\ventas\VentaRestAdapter.class]
	at org.springframework.core.type.classreading.SimpleMetadataReader.getClassReader(SimpleMetadataReader.java:59)
	at org.springframework.core.type.classreading.SimpleMetadataReader.<init>(SimpleMetadataReader.java:48)
	at org.springframework.core.type.classreading.SimpleMetadataReaderFactory.getMetadataReader(SimpleMetadataReaderFactory.java:103)
	at org.springframework.core.type.classreading.CachingMetadataReaderFactory.getMetadataReader(CachingMetadataReaderFactory.java:122)
	at org.springframework.context.annotation.ClassPathScanningCandidateComponentProvider.scanCandidateComponents(ClassPathScanningCandidateComponentProvider.java:470)
	... 25 common frames omitted
Caused by: java.lang.IllegalArgumentException: Unsupported class file major version 69
	at org.springframework.asm.ClassReader.<init>(ClassReader.java:200)
	at org.springframework.asm.ClassReader.<init>(ClassReader.java:180)
	at org.springframework.asm.ClassReader.<init>(ClassReader.java:166)
	at org.springframework.asm.ClassReader.<init>(ClassReader.java:288)
	at org.springframework.core.type.classreading.SimpleMetadataReader.getClassReader(SimpleMetadataReader.java:56)
	... 29 common frames omitted
2026-04-26 12:18:53 [background-preinit] INFO  o.h.validator.internal.util.Version - HV000001: Hibernate Validator 8.0.2.Final
2026-04-26 12:18:53 [restartedMain] INFO  c.back.puntoventa.app.AppApplication - Starting AppApplication using Java 17.0.18 with PID 19776 (C:\Users\LENOVO\Desktop\PuntoVentaOficial\Back-PuntoVenta\target\classes started by LENOVO in C:\Users\LENOVO\Desktop\PuntoVentaOficial\Back-PuntoVenta)
2026-04-26 12:18:53 [restartedMain] DEBUG c.back.puntoventa.app.AppApplication - Running with Spring Boot v3.4.1, Spring v6.2.1
2026-04-26 12:18:53 [restartedMain] INFO  c.back.puntoventa.app.AppApplication - No active profile set, falling back to 1 default profile: "default"
2026-04-26 12:18:53 [restartedMain] INFO  o.s.b.d.e.DevToolsPropertyDefaultsPostProcessor - Devtools property defaults active! Set 'spring.devtools.add-properties' to 'false' to disable
2026-04-26 12:18:53 [restartedMain] INFO  o.s.b.d.e.DevToolsPropertyDefaultsPostProcessor - For additional web related logging consider setting the 'logging.level.web' property to 'DEBUG'
2026-04-26 12:18:54 [restartedMain] INFO  o.s.b.w.e.tomcat.TomcatWebServer - Tomcat initialized with port 3000 (http)
2026-04-26 12:18:54 [restartedMain] INFO  o.a.coyote.http11.Http11NioProtocol - Initializing ProtocolHandler ["http-nio-3000"]
2026-04-26 12:18:54 [restartedMain] INFO  o.a.catalina.core.StandardService - Starting service [Tomcat]
2026-04-26 12:18:54 [restartedMain] INFO  o.a.catalina.core.StandardEngine - Starting Servlet engine: [Apache Tomcat/10.1.34]
2026-04-26 12:18:54 [restartedMain] INFO  o.a.c.c.C.[Tomcat].[localhost].[/] - Initializing Spring embedded WebApplicationContext
2026-04-26 12:18:54 [restartedMain] INFO  o.s.b.w.s.c.ServletWebServerApplicationContext - Root WebApplicationContext: initialization completed in 1080 ms
2026-04-26 12:18:55 [restartedMain] INFO  o.s.b.d.a.OptionalLiveReloadServer - LiveReload server is running on port 35729
2026-04-26 12:18:55 [restartedMain] INFO  o.a.coyote.http11.Http11NioProtocol - Starting ProtocolHandler ["http-nio-3000"]
2026-04-26 12:18:55 [restartedMain] INFO  o.s.b.w.e.tomcat.TomcatWebServer - Tomcat started on port 3000 (http) with context path '/'
2026-04-26 12:18:55 [restartedMain] INFO  c.back.puntoventa.app.AppApplication - Started AppApplication in 2.18 seconds (process running for 2.711)
2026-04-26 12:19:35 [http-nio-3000-exec-3] INFO  o.a.c.c.C.[Tomcat].[localhost].[/] - Initializing Spring DispatcherServlet 'dispatcherServlet'
2026-04-26 12:19:35 [http-nio-3000-exec-3] INFO  o.s.web.servlet.DispatcherServlet - Initializing Servlet 'dispatcherServlet'
2026-04-26 12:19:35 [http-nio-3000-exec-3] INFO  o.s.web.servlet.DispatcherServlet - Completed initialization in 1 ms
2026-04-26 12:19:35 [http-nio-3000-exec-3] INFO  c.b.p.a.a.i.InventarioRutaRestAdapter - GET /inventario-ruta - Obtener inventario de ruta para vendedor 2ab0631c-da17-4bd8-b9b9-237de54711c6 y fecha 2026-04-26
2026-04-26 12:19:35 [http-nio-3000-exec-3] INFO  c.b.p.a.d.i.s.GestionInventarioRutaService - Obteniendo inventario de ruta para vendedor 2ab0631c-da17-4bd8-b9b9-237de54711c6 en fecha 2026-04-26
2026-04-26 12:19:37 [http-nio-3000-exec-3] INFO  c.b.p.a.d.i.s.GestionInventarioRutaService - Inventario de ruta obtenido: 0 items
2026-04-26 12:19:37 [http-nio-3000-exec-3] INFO  c.b.p.a.a.i.InventarioRutaRestAdapter - Inventario de ruta obtenido: 0 items
2026-04-26 12:20:27 [http-nio-3000-exec-2] WARN  o.s.w.s.m.m.a.ExceptionHandlerExceptionResolver - Resolved [org.springframework.web.HttpRequestMethodNotSupportedException: Request method 'POST' is not supported]
2026-04-26 12:20:45 [http-nio-3000-exec-5] INFO  c.b.p.a.a.i.InventarioRutaRestAdapter - POST /inventario-ruta/sincronizar - Sincronizar inventario de ruta para vendedor 2ab0631c-da17-4bd8-b9b9-237de54711c6 y fecha 2026-04-26
2026-04-26 12:20:45 [http-nio-3000-exec-5] INFO  c.b.p.a.d.i.s.GestionInventarioRutaService - Sincronizando inventario de ruta para vendedor 2ab0631c-da17-4bd8-b9b9-237de54711c6 en fecha 2026-04-26
2026-04-26 12:20:46 [http-nio-3000-exec-5] INFO  c.b.p.a.d.i.s.GestionInventarioRutaService - Sincronización completada: 1 items actualizados
2026-04-26 12:20:46 [http-nio-3000-exec-5] INFO  c.b.p.a.a.i.InventarioRutaRestAdapter - Sincronización completada: 1 items actualizados
2026-04-26 12:21:24 [http-nio-3000-exec-6] INFO  c.b.p.a.a.i.InventarioRutaRestAdapter - POST /inventario-ruta/validar - Validar inventario de ruta para vendedor 2ab0631c-da17-4bd8-b9b9-237de54711c6 y fecha 2026-04-26
2026-04-26 12:21:24 [http-nio-3000-exec-6] INFO  c.b.p.a.d.i.s.GestionInventarioRutaService - Validando inventario de ruta para vendedor 2ab0631c-da17-4bd8-b9b9-237de54711c6 en fecha 2026-04-26
2026-04-26 12:21:24 [http-nio-3000-exec-6] INFO  c.b.p.a.d.i.s.GestionInventarioRutaService - Validación completada: 0 items validados
2026-04-26 12:21:24 [http-nio-3000-exec-6] INFO  c.b.p.a.a.i.InventarioRutaRestAdapter - Validación completada: 0 items validados
2026-04-26 12:22:00 [File Watcher] INFO  o.s.b.d.a.LocalDevToolsAutoConfiguration$RestartingClassPathChangeChangedEventListener - Restarting due to 13 class path changes (0 additions, 0 deletions, 13 modifications)
2026-04-26 12:22:00 [Thread-5] INFO  o.s.b.w.e.tomcat.GracefulShutdown - Commencing graceful shutdown. Waiting for active requests to complete
2026-04-26 12:22:00 [tomcat-shutdown] INFO  o.a.coyote.http11.Http11NioProtocol - Pausing ProtocolHandler ["http-nio-3000"]
2026-04-26 12:22:00 [tomcat-shutdown] INFO  o.s.b.w.e.tomcat.GracefulShutdown - Graceful shutdown complete
2026-04-26 12:22:00 [Thread-5] INFO  o.a.coyote.http11.Http11NioProtocol - Stopping ProtocolHandler ["http-nio-3000"]
2026-04-26 12:22:00 [restartedMain] INFO  c.back.puntoventa.app.AppApplication - Starting AppApplication using Java 17.0.18 with PID 19776 (C:\Users\LENOVO\Desktop\PuntoVentaOficial\Back-PuntoVenta\target\classes started by LENOVO in C:\Users\LENOVO\Desktop\PuntoVentaOficial\Back-PuntoVenta)
2026-04-26 12:22:00 [restartedMain] DEBUG c.back.puntoventa.app.AppApplication - Running with Spring Boot v3.4.1, Spring v6.2.1
2026-04-26 12:22:00 [restartedMain] INFO  c.back.puntoventa.app.AppApplication - No active profile set, falling back to 1 default profile: "default"
2026-04-26 12:22:00 [restartedMain] WARN  o.s.b.w.s.c.AnnotationConfigServletWebServerApplicationContext - Exception encountered during context initialization - cancelling refresh attempt: org.springframework.beans.factory.BeanDefinitionStoreException: Incompatible class format in file [C:\Users\LENOVO\Desktop\PuntoVentaOficial\Back-PuntoVenta\target\classes\com\back\puntoventa\app\application\inventario_ruta\InventarioRutaRestAdapter.class]: set system property 'spring.classformat.ignore' to 'true' if you mean to ignore such files during classpath scanning
2026-04-26 12:22:00 [restartedMain] ERROR o.s.boot.SpringApplication - Application run failed
org.springframework.beans.factory.BeanDefinitionStoreException: Incompatible class format in file [C:\Users\LENOVO\Desktop\PuntoVentaOficial\Back-PuntoVenta\target\classes\com\back\puntoventa\app\application\inventario_ruta\InventarioRutaRestAdapter.class]: set system property 'spring.classformat.ignore' to 'true' if you mean to ignore such files during classpath scanning
	at org.springframework.context.annotation.ClassPathScanningCandidateComponentProvider.scanCandidateComponents(ClassPathScanningCandidateComponentProvider.java:504)
	at org.springframework.context.annotation.ClassPathScanningCandidateComponentProvider.findCandidateComponents(ClassPathScanningCandidateComponentProvider.java:351)
	at org.springframework.context.annotation.ClassPathBeanDefinitionScanner.doScan(ClassPathBeanDefinitionScanner.java:277)
	at org.springframework.context.annotation.ComponentScanAnnotationParser.parse(ComponentScanAnnotationParser.java:128)
	at org.springframework.context.annotation.ConfigurationClassParser.doProcessConfigurationClass(ConfigurationClassParser.java:332)
	at org.springframework.context.annotation.ConfigurationClassParser.processConfigurationClass(ConfigurationClassParser.java:267)
	at org.springframework.context.annotation.ConfigurationClassParser.parse(ConfigurationClassParser.java:193)
	at org.springframework.context.annotation.ConfigurationClassParser.parse(ConfigurationClassParser.java:171)
	at org.springframework.context.annotation.ConfigurationClassPostProcessor.processConfigBeanDefinitions(ConfigurationClassPostProcessor.java:418)
	at org.springframework.context.annotation.ConfigurationClassPostProcessor.postProcessBeanDefinitionRegistry(ConfigurationClassPostProcessor.java:290)
	at org.springframework.context.support.PostProcessorRegistrationDelegate.invokeBeanDefinitionRegistryPostProcessors(PostProcessorRegistrationDelegate.java:349)
	at org.springframework.context.support.PostProcessorRegistrationDelegate.invokeBeanFactoryPostProcessors(PostProcessorRegistrationDelegate.java:118)
	at org.springframework.context.support.AbstractApplicationContext.invokeBeanFactoryPostProcessors(AbstractApplicationContext.java:791)
	at org.springframework.context.support.AbstractApplicationContext.refresh(AbstractApplicationContext.java:609)
	at org.springframework.boot.web.servlet.context.ServletWebServerApplicationContext.refresh(ServletWebServerApplicationContext.java:146)
	at org.springframework.boot.SpringApplication.refresh(SpringApplication.java:752)
	at org.springframework.boot.SpringApplication.refreshContext(SpringApplication.java:439)
	at org.springframework.boot.SpringApplication.run(SpringApplication.java:318)
	at org.springframework.boot.SpringApplication.run(SpringApplication.java:1361)
	at org.springframework.boot.SpringApplication.run(SpringApplication.java:1350)
	at com.back.puntoventa.app.AppApplication.main(AppApplication.java:13)
	at java.base/jdk.internal.reflect.NativeMethodAccessorImpl.invoke0(Native Method)
	at java.base/jdk.internal.reflect.NativeMethodAccessorImpl.invoke(NativeMethodAccessorImpl.java:77)
	at java.base/jdk.internal.reflect.DelegatingMethodAccessorImpl.invoke(DelegatingMethodAccessorImpl.java:43)
	at java.base/java.lang.reflect.Method.invoke(Method.java:569)
	at org.springframework.boot.devtools.restart.RestartLauncher.run(RestartLauncher.java:50)
Caused by: org.springframework.core.type.classreading.ClassFormatException: ASM ClassReader failed to parse class file - probably due to a new Java class file version that is not supported yet. Consider compiling with a lower '-target' or upgrade your framework version. Affected class: file [C:\Users\LENOVO\Desktop\PuntoVentaOficial\Back-PuntoVenta\target\classes\com\back\puntoventa\app\application\inventario_ruta\InventarioRutaRestAdapter.class]
	at org.springframework.core.type.classreading.SimpleMetadataReader.getClassReader(SimpleMetadataReader.java:59)
	at org.springframework.core.type.classreading.SimpleMetadataReader.<init>(SimpleMetadataReader.java:48)
	at org.springframework.core.type.classreading.SimpleMetadataReaderFactory.getMetadataReader(SimpleMetadataReaderFactory.java:103)
	at org.springframework.core.type.classreading.CachingMetadataReaderFactory.getMetadataReader(CachingMetadataReaderFactory.java:122)
	at org.springframework.context.annotation.ClassPathScanningCandidateComponentProvider.scanCandidateComponents(ClassPathScanningCandidateComponentProvider.java:470)
	... 25 common frames omitted
Caused by: java.lang.IllegalArgumentException: Unsupported class file major version 69
	at org.springframework.asm.ClassReader.<init>(ClassReader.java:200)
	at org.springframework.asm.ClassReader.<init>(ClassReader.java:180)
	at org.springframework.asm.ClassReader.<init>(ClassReader.java:166)
	at org.springframework.asm.ClassReader.<init>(ClassReader.java:288)
	at org.springframework.core.type.classreading.SimpleMetadataReader.getClassReader(SimpleMetadataReader.java:56)
	... 29 common frames omitted
2026-04-26 23:29:58 [background-preinit] INFO  o.h.validator.internal.util.Version - HV000001: Hibernate Validator 8.0.2.Final
2026-04-26 23:29:58 [restartedMain] INFO  c.back.puntoventa.app.AppApplication - Starting AppApplication using Java 26 with PID 25608 (C:\Users\HP\Desktop\7mo SEMESTRE\Taller de sistemas de informacion\PuntoVenta\Back-PuntoVenta\target\classes started by HP in C:\Users\HP\Desktop\7mo SEMESTRE\Taller de sistemas de informacion\PuntoVenta\Back-PuntoVenta)
2026-04-26 23:29:58 [restartedMain] DEBUG c.back.puntoventa.app.AppApplication - Running with Spring Boot v3.4.1, Spring v6.2.1
2026-04-26 23:29:58 [restartedMain] INFO  c.back.puntoventa.app.AppApplication - No active profile set, falling back to 1 default profile: "default"
2026-04-26 23:29:58 [restartedMain] INFO  o.s.b.d.e.DevToolsPropertyDefaultsPostProcessor - Devtools property defaults active! Set 'spring.devtools.add-properties' to 'false' to disable
2026-04-26 23:29:58 [restartedMain] INFO  o.s.b.d.e.DevToolsPropertyDefaultsPostProcessor - For additional web related logging consider setting the 'logging.level.web' property to 'DEBUG'
2026-04-26 23:29:59 [restartedMain] INFO  o.s.b.w.e.tomcat.TomcatWebServer - Tomcat initialized with port 3000 (http)
2026-04-26 23:29:59 [restartedMain] INFO  o.a.coyote.http11.Http11NioProtocol - Initializing ProtocolHandler ["http-nio-3000"]
2026-04-26 23:29:59 [restartedMain] INFO  o.a.catalina.core.StandardService - Starting service [Tomcat]
2026-04-26 23:29:59 [restartedMain] INFO  o.a.catalina.core.StandardEngine - Starting Servlet engine: [Apache Tomcat/10.1.34]
2026-04-26 23:29:59 [restartedMain] INFO  o.a.c.c.C.[Tomcat].[localhost].[/] - Initializing Spring embedded WebApplicationContext
2026-04-26 23:29:59 [restartedMain] INFO  o.s.b.w.s.c.ServletWebServerApplicationContext - Root WebApplicationContext: initialization completed in 1113 ms
2026-04-26 23:30:00 [restartedMain] INFO  o.s.b.d.a.OptionalLiveReloadServer - LiveReload server is running on port 35729
2026-04-26 23:30:00 [restartedMain] INFO  o.a.coyote.http11.Http11NioProtocol - Starting ProtocolHandler ["http-nio-3000"]
2026-04-26 23:30:00 [restartedMain] INFO  o.s.b.w.e.tomcat.TomcatWebServer - Tomcat started on port 3000 (http) with context path '/'
2026-04-26 23:30:00 [restartedMain] INFO  c.back.puntoventa.app.AppApplication - Started AppApplication in 2.404 seconds (process running for 2.768)
2026-04-26 23:30:40 [http-nio-3000-exec-1] INFO  o.a.c.c.C.[Tomcat].[localhost].[/] - Initializing Spring DispatcherServlet 'dispatcherServlet'
2026-04-26 23:30:40 [http-nio-3000-exec-1] INFO  o.s.web.servlet.DispatcherServlet - Initializing Servlet 'dispatcherServlet'
2026-04-26 23:30:40 [http-nio-3000-exec-1] INFO  o.s.web.servlet.DispatcherServlet - Completed initialization in 4 ms
2026-04-26 23:30:41 [http-nio-3000-exec-5] INFO  c.b.p.a.a.a.c.AuthRestAdapter - POST /auth/signin - Intento de autenticación para email: andres@gmail.com
2026-04-26 23:30:41 [http-nio-3000-exec-5] DEBUG c.b.p.a.d.a.s.AutorizacionAuthService - Autenticando usuario con email: andres@gmail.com
2026-04-26 23:30:43 [http-nio-3000-exec-5] DEBUG c.b.p.a.d.a.s.AutorizacionAuthService - Autenticación completada para email: andres@gmail.com
2026-04-26 23:30:43 [http-nio-3000-exec-5] INFO  c.b.p.a.a.a.c.AuthRestAdapter - Autenticación exitosa para email: andres@gmail.com
2026-04-26 23:30:43 [http-nio-3000-exec-4] INFO  c.b.p.a.a.a.c.AuthRestAdapter - GET /auth/me - Obtener perfil del usuario actual
2026-04-26 23:30:43 [http-nio-3000-exec-4] DEBUG c.b.p.a.d.a.s.AutorizacionAuthService - Obteniendo perfil por token
2026-04-26 23:30:44 [http-nio-3000-exec-4] DEBUG c.b.p.a.d.a.s.AutorizacionAuthService - Perfil obtenido exitosamente para usuario ID: 6b0a5026-52f3-475a-a20f-5aacf94764f0
2026-04-26 23:30:44 [http-nio-3000-exec-4] DEBUG c.b.p.a.a.a.c.AuthRestAdapter - Perfil obtenido para usuario: andres@gmail.com
2026-04-26 23:30:44 [http-nio-3000-exec-7] INFO  c.b.p.a.a.p.c.ProductosRestAdapter - GET /productos - Obtener todos los productos
2026-04-26 23:30:44 [http-nio-3000-exec-7] DEBUG c.b.p.a.d.p.s.GestionProductosService - Obteniendo todos los productos
2026-04-26 23:30:44 [http-nio-3000-exec-8] DEBUG c.b.p.a.d.a.s.AutorizacionAuthService - Obteniendo perfil por token
2026-04-26 23:30:44 [http-nio-3000-exec-7] DEBUG c.b.p.a.d.p.s.GestionProductosService - Se obtuvieron 25 productos
2026-04-26 23:30:44 [http-nio-3000-exec-7] DEBUG c.b.p.a.a.p.c.ProductosRestAdapter - Se obtuvieron 25 productos
2026-04-26 23:30:45 [http-nio-3000-exec-8] DEBUG c.b.p.a.d.a.s.AutorizacionAuthService - Perfil obtenido exitosamente para usuario ID: 6b0a5026-52f3-475a-a20f-5aacf94764f0
2026-04-26 23:30:45 [http-nio-3000-exec-8] INFO  c.b.p.a.a.i.c.InventarioRestAdapter - GET /inventario/vendedor/6b0a5026-52f3-475a-a20f-5aacf94764f0 - consulta por andres@gmail.com
2026-04-26 23:30:45 [http-nio-3000-exec-8] INFO  c.b.p.a.d.i.s.GestionInventarioService - Consultando cargas por vendedor: 6b0a5026-52f3-475a-a20f-5aacf94764f0
2026-04-26 23:30:45 [http-nio-3000-exec-8] DEBUG c.b.p.a.i.p.s.a.SupabaseAsignacionRepositoryAdapter - Consultando asignaciones por vendedor: 6b0a5026-52f3-475a-a20f-5aacf94764f0
2026-04-26 23:30:45 [http-nio-3000-exec-8] DEBUG c.b.p.a.i.p.s.a.SupabaseAsignacionRepositoryAdapter - Asignaciones encontradas para vendedor 6b0a5026-52f3-475a-a20f-5aacf94764f0: 23
2026-04-26 23:30:45 [http-nio-3000-exec-10] INFO  c.b.p.a.a.p.c.ProductosRestAdapter - GET /productos - Obtener todos los productos
2026-04-26 23:30:45 [http-nio-3000-exec-10] DEBUG c.b.p.a.d.p.s.GestionProductosService - Obteniendo todos los productos
2026-04-26 23:30:46 [http-nio-3000-exec-10] DEBUG c.b.p.a.d.p.s.GestionProductosService - Se obtuvieron 25 productos
2026-04-26 23:30:46 [http-nio-3000-exec-10] DEBUG c.b.p.a.a.p.c.ProductosRestAdapter - Se obtuvieron 25 productos
2026-04-26 23:32:15 [http-nio-3000-exec-5] INFO  c.b.p.a.a.a.c.AuthRestAdapter - GET /auth/me - Obtener perfil del usuario actual
2026-04-26 23:32:15 [http-nio-3000-exec-5] DEBUG c.b.p.a.d.a.s.AutorizacionAuthService - Obteniendo perfil por token
2026-04-26 23:32:17 [http-nio-3000-exec-5] DEBUG c.b.p.a.d.a.s.AutorizacionAuthService - Perfil obtenido exitosamente para usuario ID: 6b0a5026-52f3-475a-a20f-5aacf94764f0
2026-04-26 23:32:17 [http-nio-3000-exec-5] DEBUG c.b.p.a.a.a.c.AuthRestAdapter - Perfil obtenido para usuario: andres@gmail.com
2026-04-26 23:32:17 [http-nio-3000-exec-4] DEBUG c.b.p.a.a.c.c.ClientesRestAdapter - Obteniendo clientes; vendedorId=6b0a5026-52f3-475a-a20f-5aacf94764f0
2026-04-26 23:32:17 [http-nio-3000-exec-4] DEBUG c.b.p.a.d.c.s.GestionClientesService - Obteniendo clientes por vendedor: 6b0a5026-52f3-475a-a20f-5aacf94764f0
2026-04-26 23:32:17 [http-nio-3000-exec-4] DEBUG c.b.p.a.i.p.s.a.SupabaseClienteRepositoryAdapter - Obteniendo clientes por vendedorId=6b0a5026-52f3-475a-a20f-5aacf94764f0
2026-04-26 23:32:25 [http-nio-3000-exec-6] WARN  o.s.w.s.m.m.a.ExceptionHandlerExceptionResolver - Resolved [org.springframework.web.bind.MissingServletRequestParameterException: Required request parameter 'userId' for method parameter type String is not present]
2026-04-26 23:32:31 [http-nio-3000-exec-7] INFO  c.b.p.a.a.a.c.AuthRestAdapter - POST /auth/signin - Intento de autenticación para email: mateovargas220705@gmail.com
2026-04-26 23:32:31 [http-nio-3000-exec-7] DEBUG c.b.p.a.d.a.s.AutorizacionAuthService - Autenticando usuario con email: mateovargas220705@gmail.com
2026-04-26 23:32:31 [http-nio-3000-exec-7] DEBUG c.b.p.a.d.a.s.AutorizacionAuthService - Autenticación completada para email: mateovargas220705@gmail.com
2026-04-26 23:32:31 [http-nio-3000-exec-7] INFO  c.b.p.a.a.a.c.AuthRestAdapter - Autenticación exitosa para email: mateovargas220705@gmail.com
2026-04-26 23:32:31 [http-nio-3000-exec-8] INFO  c.b.p.a.a.p.c.ProductosRestAdapter - GET /productos - Obtener todos los productos
2026-04-26 23:32:31 [http-nio-3000-exec-8] DEBUG c.b.p.a.d.p.s.GestionProductosService - Obteniendo todos los productos
2026-04-26 23:32:31 [http-nio-3000-exec-1] INFO  c.b.p.a.a.v.c.VendedoresRestAdapter - GET /vendedores - Obtener todos los vendedores
2026-04-26 23:32:31 [http-nio-3000-exec-1] DEBUG c.b.p.a.d.v.s.GestionVendedoresService - Obteniendo todos los vendedores
2026-04-26 23:32:31 [http-nio-3000-exec-5] INFO  c.b.p.a.a.p.c.ProductosRestAdapter - GET /productos/stock-bajo - Consultando alertas con umbral: 100
2026-04-26 23:32:31 [http-nio-3000-exec-5] DEBUG c.b.p.a.d.p.s.GestionProductosService - Obteniendo productos con stock bajo. Umbral: 100
2026-04-26 23:32:31 [http-nio-3000-exec-8] DEBUG c.b.p.a.d.p.s.GestionProductosService - Se obtuvieron 25 productos
2026-04-26 23:32:31 [http-nio-3000-exec-8] DEBUG c.b.p.a.a.p.c.ProductosRestAdapter - Se obtuvieron 25 productos
2026-04-26 23:32:31 [http-nio-3000-exec-5] DEBUG c.b.p.a.d.p.s.GestionProductosService - Se encontraron 23 productos con stock bajo
2026-04-26 23:32:32 [http-nio-3000-exec-1] DEBUG c.b.p.a.d.v.s.GestionVendedoresService - Se obtuvieron 6 vendedores
2026-04-26 23:32:32 [http-nio-3000-exec-1] DEBUG c.b.p.a.a.v.c.VendedoresRestAdapter - Se obtuvieron 6 vendedores
2026-04-26 23:32:35 [http-nio-3000-exec-4] INFO  c.b.p.a.a.p.c.ProductosRestAdapter - GET /productos - Obtener todos los productos
2026-04-26 23:32:35 [http-nio-3000-exec-3] INFO  c.b.p.a.a.v.c.VendedoresRestAdapter - GET /vendedores - Obtener todos los vendedores
2026-04-26 23:32:35 [http-nio-3000-exec-4] DEBUG c.b.p.a.d.p.s.GestionProductosService - Obteniendo todos los productos
2026-04-26 23:32:35 [http-nio-3000-exec-3] DEBUG c.b.p.a.d.v.s.GestionVendedoresService - Obteniendo todos los vendedores
2026-04-26 23:32:35 [http-nio-3000-exec-4] DEBUG c.b.p.a.d.p.s.GestionProductosService - Se obtuvieron 25 productos
2026-04-26 23:32:35 [http-nio-3000-exec-4] DEBUG c.b.p.a.a.p.c.ProductosRestAdapter - Se obtuvieron 25 productos
2026-04-26 23:32:35 [http-nio-3000-exec-3] DEBUG c.b.p.a.d.v.s.GestionVendedoresService - Se obtuvieron 6 vendedores
2026-04-26 23:32:35 [http-nio-3000-exec-3] DEBUG c.b.p.a.a.v.c.VendedoresRestAdapter - Se obtuvieron 6 vendedores
2026-04-26 23:32:35 [http-nio-3000-exec-5] DEBUG c.b.p.a.d.a.s.AutorizacionAuthService - Obteniendo perfil por token
2026-04-26 23:32:35 [http-nio-3000-exec-8] DEBUG c.b.p.a.d.a.s.AutorizacionAuthService - Obteniendo perfil por token
2026-04-26 23:32:35 [http-nio-3000-exec-1] DEBUG c.b.p.a.d.a.s.AutorizacionAuthService - Obteniendo perfil por token
2026-04-26 23:32:35 [http-nio-3000-exec-4] DEBUG c.b.p.a.d.a.s.AutorizacionAuthService - Obteniendo perfil por token
2026-04-26 23:32:35 [http-nio-3000-exec-3] DEBUG c.b.p.a.d.a.s.AutorizacionAuthService - Obteniendo perfil por token
2026-04-26 23:32:35 [http-nio-3000-exec-6] DEBUG c.b.p.a.d.a.s.AutorizacionAuthService - Obteniendo perfil por token
2026-04-26 23:32:35 [http-nio-3000-exec-3] DEBUG c.b.p.a.d.a.s.AutorizacionAuthService - Perfil obtenido exitosamente para usuario ID: f2dc5b92-7ded-4c42-9e5a-d8a22aaf4a3a
2026-04-26 23:32:35 [http-nio-3000-exec-3] INFO  c.b.p.a.a.i.c.InventarioRestAdapter - GET /inventario/vendedor/7dec6fc9-8ddc-48c6-86a3-a1dbfc46f80e - consulta por mateovargas220705@gmail.com
2026-04-26 23:32:35 [http-nio-3000-exec-3] INFO  c.b.p.a.d.i.s.GestionInventarioService - Consultando cargas por vendedor: 7dec6fc9-8ddc-48c6-86a3-a1dbfc46f80e
2026-04-26 23:32:35 [http-nio-3000-exec-3] DEBUG c.b.p.a.i.p.s.a.SupabaseAsignacionRepositoryAdapter - Consultando asignaciones por vendedor: 7dec6fc9-8ddc-48c6-86a3-a1dbfc46f80e
2026-04-26 23:32:35 [http-nio-3000-exec-5] DEBUG c.b.p.a.d.a.s.AutorizacionAuthService - Perfil obtenido exitosamente para usuario ID: f2dc5b92-7ded-4c42-9e5a-d8a22aaf4a3a
2026-04-26 23:32:35 [http-nio-3000-exec-5] INFO  c.b.p.a.a.i.c.InventarioRestAdapter - GET /inventario/vendedor/0b9544ca-bfbe-4335-821c-5c8eb4b553b2 - consulta por mateovargas220705@gmail.com
2026-04-26 23:32:35 [http-nio-3000-exec-5] INFO  c.b.p.a.d.i.s.GestionInventarioService - Consultando cargas por vendedor: 0b9544ca-bfbe-4335-821c-5c8eb4b553b2
2026-04-26 23:32:35 [http-nio-3000-exec-5] DEBUG c.b.p.a.i.p.s.a.SupabaseAsignacionRepositoryAdapter - Consultando asignaciones por vendedor: 0b9544ca-bfbe-4335-821c-5c8eb4b553b2
2026-04-26 23:32:36 [http-nio-3000-exec-8] DEBUG c.b.p.a.d.a.s.AutorizacionAuthService - Perfil obtenido exitosamente para usuario ID: f2dc5b92-7ded-4c42-9e5a-d8a22aaf4a3a
2026-04-26 23:32:36 [http-nio-3000-exec-8] INFO  c.b.p.a.a.i.c.InventarioRestAdapter - GET /inventario/vendedor/6b0a5026-52f3-475a-a20f-5aacf94764f0 - consulta por mateovargas220705@gmail.com
2026-04-26 23:32:36 [http-nio-3000-exec-8] INFO  c.b.p.a.d.i.s.GestionInventarioService - Consultando cargas por vendedor: 6b0a5026-52f3-475a-a20f-5aacf94764f0
2026-04-26 23:32:36 [http-nio-3000-exec-8] DEBUG c.b.p.a.i.p.s.a.SupabaseAsignacionRepositoryAdapter - Consultando asignaciones por vendedor: 6b0a5026-52f3-475a-a20f-5aacf94764f0
2026-04-26 23:32:36 [http-nio-3000-exec-4] DEBUG c.b.p.a.d.a.s.AutorizacionAuthService - Perfil obtenido exitosamente para usuario ID: f2dc5b92-7ded-4c42-9e5a-d8a22aaf4a3a
2026-04-26 23:32:36 [http-nio-3000-exec-4] INFO  c.b.p.a.a.i.c.InventarioRestAdapter - GET /inventario/vendedor/73ed0c2b-851c-44c8-a08b-ded6f61924f9 - consulta por mateovargas220705@gmail.com
2026-04-26 23:32:36 [http-nio-3000-exec-4] INFO  c.b.p.a.d.i.s.GestionInventarioService - Consultando cargas por vendedor: 73ed0c2b-851c-44c8-a08b-ded6f61924f9
2026-04-26 23:32:36 [http-nio-3000-exec-4] DEBUG c.b.p.a.i.p.s.a.SupabaseAsignacionRepositoryAdapter - Consultando asignaciones por vendedor: 73ed0c2b-851c-44c8-a08b-ded6f61924f9
2026-04-26 23:32:36 [http-nio-3000-exec-6] DEBUG c.b.p.a.d.a.s.AutorizacionAuthService - Perfil obtenido exitosamente para usuario ID: f2dc5b92-7ded-4c42-9e5a-d8a22aaf4a3a
2026-04-26 23:32:36 [http-nio-3000-exec-6] INFO  c.b.p.a.a.i.c.InventarioRestAdapter - GET /inventario/vendedor/997e2337-32a6-4ba5-84fb-873ef1b6036f - consulta por mateovargas220705@gmail.com
2026-04-26 23:32:36 [http-nio-3000-exec-6] INFO  c.b.p.a.d.i.s.GestionInventarioService - Consultando cargas por vendedor: 997e2337-32a6-4ba5-84fb-873ef1b6036f
2026-04-26 23:32:36 [http-nio-3000-exec-6] DEBUG c.b.p.a.i.p.s.a.SupabaseAsignacionRepositoryAdapter - Consultando asignaciones por vendedor: 997e2337-32a6-4ba5-84fb-873ef1b6036f
2026-04-26 23:32:36 [http-nio-3000-exec-3] DEBUG c.b.p.a.i.p.s.a.SupabaseAsignacionRepositoryAdapter - Asignaciones encontradas para vendedor 7dec6fc9-8ddc-48c6-86a3-a1dbfc46f80e: 0
2026-04-26 23:32:36 [http-nio-3000-exec-8] DEBUG c.b.p.a.i.p.s.a.SupabaseAsignacionRepositoryAdapter - Asignaciones encontradas para vendedor 6b0a5026-52f3-475a-a20f-5aacf94764f0: 23
2026-04-26 23:32:36 [http-nio-3000-exec-1] DEBUG c.b.p.a.d.a.s.AutorizacionAuthService - Perfil obtenido exitosamente para usuario ID: f2dc5b92-7ded-4c42-9e5a-d8a22aaf4a3a
2026-04-26 23:32:36 [http-nio-3000-exec-1] INFO  c.b.p.a.a.i.c.InventarioRestAdapter - GET /inventario/vendedor/2ab0631c-da17-4bd8-b9b9-237de54711c6 - consulta por mateovargas220705@gmail.com
2026-04-26 23:32:36 [http-nio-3000-exec-1] INFO  c.b.p.a.d.i.s.GestionInventarioService - Consultando cargas por vendedor: 2ab0631c-da17-4bd8-b9b9-237de54711c6
2026-04-26 23:32:36 [http-nio-3000-exec-1] DEBUG c.b.p.a.i.p.s.a.SupabaseAsignacionRepositoryAdapter - Consultando asignaciones por vendedor: 2ab0631c-da17-4bd8-b9b9-237de54711c6
2026-04-26 23:32:36 [http-nio-3000-exec-5] DEBUG c.b.p.a.i.p.s.a.SupabaseAsignacionRepositoryAdapter - Asignaciones encontradas para vendedor 0b9544ca-bfbe-4335-821c-5c8eb4b553b2: 1
2026-04-26 23:32:36 [http-nio-3000-exec-4] DEBUG c.b.p.a.i.p.s.a.SupabaseAsignacionRepositoryAdapter - Asignaciones encontradas para vendedor 73ed0c2b-851c-44c8-a08b-ded6f61924f9: 4
2026-04-26 23:32:36 [http-nio-3000-exec-6] DEBUG c.b.p.a.i.p.s.a.SupabaseAsignacionRepositoryAdapter - Asignaciones encontradas para vendedor 997e2337-32a6-4ba5-84fb-873ef1b6036f: 0
2026-04-26 23:32:36 [http-nio-3000-exec-1] DEBUG c.b.p.a.i.p.s.a.SupabaseAsignacionRepositoryAdapter - Asignaciones encontradas para vendedor 2ab0631c-da17-4bd8-b9b9-237de54711c6: 9
2026-04-26 23:33:00 [http-nio-3000-exec-2] INFO  c.b.p.a.a.v.c.VendedoresRestAdapter - GET /vendedores - Obtener todos los vendedores
2026-04-26 23:33:00 [http-nio-3000-exec-2] DEBUG c.b.p.a.d.v.s.GestionVendedoresService - Obteniendo todos los vendedores
2026-04-26 23:33:01 [http-nio-3000-exec-2] DEBUG c.b.p.a.d.v.s.GestionVendedoresService - Se obtuvieron 6 vendedores
2026-04-26 23:33:01 [http-nio-3000-exec-2] DEBUG c.b.p.a.a.v.c.VendedoresRestAdapter - Se obtuvieron 6 vendedores
2026-04-26 23:33:26 [http-nio-3000-exec-7] INFO  c.b.p.a.a.p.c.ProductosRestAdapter - GET /productos - Obtener todos los productos
2026-04-26 23:33:26 [http-nio-3000-exec-7] DEBUG c.b.p.a.d.p.s.GestionProductosService - Obteniendo todos los productos
2026-04-26 23:33:26 [http-nio-3000-exec-7] DEBUG c.b.p.a.d.p.s.GestionProductosService - Se obtuvieron 25 productos
2026-04-26 23:33:26 [http-nio-3000-exec-7] DEBUG c.b.p.a.a.p.c.ProductosRestAdapter - Se obtuvieron 25 productos
2026-04-26 23:33:30 [http-nio-3000-exec-10] INFO  c.b.p.a.a.v.c.VendedoresRestAdapter - GET /vendedores - Obtener todos los vendedores
2026-04-26 23:33:30 [http-nio-3000-exec-9] INFO  c.b.p.a.a.p.c.ProductosRestAdapter - GET /productos - Obtener todos los productos
2026-04-26 23:33:30 [http-nio-3000-exec-10] DEBUG c.b.p.a.d.v.s.GestionVendedoresService - Obteniendo todos los vendedores
2026-04-26 23:33:30 [http-nio-3000-exec-9] DEBUG c.b.p.a.d.p.s.GestionProductosService - Obteniendo todos los productos
2026-04-26 23:33:31 [http-nio-3000-exec-10] DEBUG c.b.p.a.d.v.s.GestionVendedoresService - Se obtuvieron 6 vendedores
2026-04-26 23:33:31 [http-nio-3000-exec-10] DEBUG c.b.p.a.a.v.c.VendedoresRestAdapter - Se obtuvieron 6 vendedores
2026-04-26 23:33:31 [http-nio-3000-exec-9] DEBUG c.b.p.a.d.p.s.GestionProductosService - Se obtuvieron 25 productos
2026-04-26 23:33:31 [http-nio-3000-exec-9] DEBUG c.b.p.a.a.p.c.ProductosRestAdapter - Se obtuvieron 25 productos
2026-04-26 23:33:31 [http-nio-3000-exec-4] DEBUG c.b.p.a.d.a.s.AutorizacionAuthService - Obteniendo perfil por token
2026-04-26 23:33:31 [http-nio-3000-exec-1] DEBUG c.b.p.a.d.a.s.AutorizacionAuthService - Obteniendo perfil por token
2026-04-26 23:33:31 [http-nio-3000-exec-6] DEBUG c.b.p.a.d.a.s.AutorizacionAuthService - Obteniendo perfil por token
2026-04-26 23:33:31 [http-nio-3000-exec-8] DEBUG c.b.p.a.d.a.s.AutorizacionAuthService - Obteniendo perfil por token
2026-04-26 23:33:31 [http-nio-3000-exec-3] DEBUG c.b.p.a.d.a.s.AutorizacionAuthService - Obteniendo perfil por token
2026-04-26 23:33:31 [http-nio-3000-exec-5] DEBUG c.b.p.a.d.a.s.AutorizacionAuthService - Obteniendo perfil por token
2026-04-26 23:33:32 [http-nio-3000-exec-5] DEBUG c.b.p.a.d.a.s.AutorizacionAuthService - Perfil obtenido exitosamente para usuario ID: f2dc5b92-7ded-4c42-9e5a-d8a22aaf4a3a
2026-04-26 23:33:32 [http-nio-3000-exec-5] INFO  c.b.p.a.a.i.c.InventarioRestAdapter - GET /inventario/vendedor/6b0a5026-52f3-475a-a20f-5aacf94764f0 - consulta por mateovargas220705@gmail.com
2026-04-26 23:33:32 [http-nio-3000-exec-5] INFO  c.b.p.a.d.i.s.GestionInventarioService - Consultando cargas por vendedor: 6b0a5026-52f3-475a-a20f-5aacf94764f0
2026-04-26 23:33:32 [http-nio-3000-exec-5] DEBUG c.b.p.a.i.p.s.a.SupabaseAsignacionRepositoryAdapter - Consultando asignaciones por vendedor: 6b0a5026-52f3-475a-a20f-5aacf94764f0
2026-04-26 23:33:32 [http-nio-3000-exec-3] DEBUG c.b.p.a.d.a.s.AutorizacionAuthService - Perfil obtenido exitosamente para usuario ID: f2dc5b92-7ded-4c42-9e5a-d8a22aaf4a3a
2026-04-26 23:33:32 [http-nio-3000-exec-3] INFO  c.b.p.a.a.i.c.InventarioRestAdapter - GET /inventario/vendedor/0b9544ca-bfbe-4335-821c-5c8eb4b553b2 - consulta por mateovargas220705@gmail.com
2026-04-26 23:33:32 [http-nio-3000-exec-3] INFO  c.b.p.a.d.i.s.GestionInventarioService - Consultando cargas por vendedor: 0b9544ca-bfbe-4335-821c-5c8eb4b553b2
2026-04-26 23:33:32 [http-nio-3000-exec-3] DEBUG c.b.p.a.i.p.s.a.SupabaseAsignacionRepositoryAdapter - Consultando asignaciones por vendedor: 0b9544ca-bfbe-4335-821c-5c8eb4b553b2
2026-04-26 23:33:32 [http-nio-3000-exec-8] DEBUG c.b.p.a.d.a.s.AutorizacionAuthService - Perfil obtenido exitosamente para usuario ID: f2dc5b92-7ded-4c42-9e5a-d8a22aaf4a3a
2026-04-26 23:33:32 [http-nio-3000-exec-8] INFO  c.b.p.a.a.i.c.InventarioRestAdapter - GET /inventario/vendedor/2ab0631c-da17-4bd8-b9b9-237de54711c6 - consulta por mateovargas220705@gmail.com
2026-04-26 23:33:32 [http-nio-3000-exec-8] INFO  c.b.p.a.d.i.s.GestionInventarioService - Consultando cargas por vendedor: 2ab0631c-da17-4bd8-b9b9-237de54711c6
2026-04-26 23:33:32 [http-nio-3000-exec-8] DEBUG c.b.p.a.i.p.s.a.SupabaseAsignacionRepositoryAdapter - Consultando asignaciones por vendedor: 2ab0631c-da17-4bd8-b9b9-237de54711c6
2026-04-26 23:33:32 [http-nio-3000-exec-4] DEBUG c.b.p.a.d.a.s.AutorizacionAuthService - Perfil obtenido exitosamente para usuario ID: f2dc5b92-7ded-4c42-9e5a-d8a22aaf4a3a
2026-04-26 23:33:32 [http-nio-3000-exec-4] INFO  c.b.p.a.a.i.c.InventarioRestAdapter - GET /inventario/vendedor/73ed0c2b-851c-44c8-a08b-ded6f61924f9 - consulta por mateovargas220705@gmail.com
2026-04-26 23:33:32 [http-nio-3000-exec-4] INFO  c.b.p.a.d.i.s.GestionInventarioService - Consultando cargas por vendedor: 73ed0c2b-851c-44c8-a08b-ded6f61924f9
2026-04-26 23:33:32 [http-nio-3000-exec-4] DEBUG c.b.p.a.i.p.s.a.SupabaseAsignacionRepositoryAdapter - Consultando asignaciones por vendedor: 73ed0c2b-851c-44c8-a08b-ded6f61924f9
2026-04-26 23:33:32 [http-nio-3000-exec-1] DEBUG c.b.p.a.d.a.s.AutorizacionAuthService - Perfil obtenido exitosamente para usuario ID: f2dc5b92-7ded-4c42-9e5a-d8a22aaf4a3a
2026-04-26 23:33:32 [http-nio-3000-exec-1] INFO  c.b.p.a.a.i.c.InventarioRestAdapter - GET /inventario/vendedor/997e2337-32a6-4ba5-84fb-873ef1b6036f - consulta por mateovargas220705@gmail.com
2026-04-26 23:33:32 [http-nio-3000-exec-1] INFO  c.b.p.a.d.i.s.GestionInventarioService - Consultando cargas por vendedor: 997e2337-32a6-4ba5-84fb-873ef1b6036f
2026-04-26 23:33:32 [http-nio-3000-exec-1] DEBUG c.b.p.a.i.p.s.a.SupabaseAsignacionRepositoryAdapter - Consultando asignaciones por vendedor: 997e2337-32a6-4ba5-84fb-873ef1b6036f
2026-04-26 23:33:32 [http-nio-3000-exec-6] DEBUG c.b.p.a.d.a.s.AutorizacionAuthService - Perfil obtenido exitosamente para usuario ID: f2dc5b92-7ded-4c42-9e5a-d8a22aaf4a3a
2026-04-26 23:33:32 [http-nio-3000-exec-6] INFO  c.b.p.a.a.i.c.InventarioRestAdapter - GET /inventario/vendedor/7dec6fc9-8ddc-48c6-86a3-a1dbfc46f80e - consulta por mateovargas220705@gmail.com
2026-04-26 23:33:32 [http-nio-3000-exec-6] INFO  c.b.p.a.d.i.s.GestionInventarioService - Consultando cargas por vendedor: 7dec6fc9-8ddc-48c6-86a3-a1dbfc46f80e
2026-04-26 23:33:32 [http-nio-3000-exec-6] DEBUG c.b.p.a.i.p.s.a.SupabaseAsignacionRepositoryAdapter - Consultando asignaciones por vendedor: 7dec6fc9-8ddc-48c6-86a3-a1dbfc46f80e
2026-04-26 23:33:32 [http-nio-3000-exec-8] DEBUG c.b.p.a.i.p.s.a.SupabaseAsignacionRepositoryAdapter - Asignaciones encontradas para vendedor 2ab0631c-da17-4bd8-b9b9-237de54711c6: 9
2026-04-26 23:33:32 [http-nio-3000-exec-3] DEBUG c.b.p.a.i.p.s.a.SupabaseAsignacionRepositoryAdapter - Asignaciones encontradas para vendedor 0b9544ca-bfbe-4335-821c-5c8eb4b553b2: 1
2026-04-26 23:33:32 [http-nio-3000-exec-1] DEBUG c.b.p.a.i.p.s.a.SupabaseAsignacionRepositoryAdapter - Asignaciones encontradas para vendedor 997e2337-32a6-4ba5-84fb-873ef1b6036f: 0
2026-04-26 23:33:32 [http-nio-3000-exec-4] DEBUG c.b.p.a.i.p.s.a.SupabaseAsignacionRepositoryAdapter - Asignaciones encontradas para vendedor 73ed0c2b-851c-44c8-a08b-ded6f61924f9: 4
2026-04-26 23:33:32 [http-nio-3000-exec-6] DEBUG c.b.p.a.i.p.s.a.SupabaseAsignacionRepositoryAdapter - Asignaciones encontradas para vendedor 7dec6fc9-8ddc-48c6-86a3-a1dbfc46f80e: 0
2026-04-26 23:33:32 [http-nio-3000-exec-5] DEBUG c.b.p.a.i.p.s.a.SupabaseAsignacionRepositoryAdapter - Asignaciones encontradas para vendedor 6b0a5026-52f3-475a-a20f-5aacf94764f0: 23
2026-04-26 23:34:31 [http-nio-3000-exec-2] INFO  c.b.p.a.a.v.c.VendedoresRestAdapter - GET /vendedores - Obtener todos los vendedores
2026-04-26 23:34:31 [http-nio-3000-exec-2] DEBUG c.b.p.a.d.v.s.GestionVendedoresService - Obteniendo todos los vendedores
2026-04-26 23:34:32 [http-nio-3000-exec-2] DEBUG c.b.p.a.d.v.s.GestionVendedoresService - Se obtuvieron 6 vendedores
2026-04-26 23:34:32 [http-nio-3000-exec-2] DEBUG c.b.p.a.a.v.c.VendedoresRestAdapter - Se obtuvieron 6 vendedores
2026-04-26 23:35:05 [http-nio-3000-exec-1] INFO  c.b.p.a.a.v.c.VendedoresRestAdapter - GET /vendedores - Obtener todos los vendedores
2026-04-26 23:35:05 [http-nio-3000-exec-1] DEBUG c.b.p.a.d.v.s.GestionVendedoresService - Obteniendo todos los vendedores
2026-04-26 23:35:06 [http-nio-3000-exec-1] DEBUG c.b.p.a.d.v.s.GestionVendedoresService - Se obtuvieron 6 vendedores
2026-04-26 23:35:06 [http-nio-3000-exec-1] DEBUG c.b.p.a.a.v.c.VendedoresRestAdapter - Se obtuvieron 6 vendedores
2026-04-26 23:35:08 [http-nio-3000-exec-4] INFO  c.b.p.a.a.v.c.VendedoresRestAdapter - GET /vendedores - Obtener todos los vendedores
2026-04-26 23:35:08 [http-nio-3000-exec-4] DEBUG c.b.p.a.d.v.s.GestionVendedoresService - Obteniendo todos los vendedores
2026-04-26 23:35:09 [http-nio-3000-exec-4] DEBUG c.b.p.a.d.v.s.GestionVendedoresService - Se obtuvieron 6 vendedores
2026-04-26 23:35:09 [http-nio-3000-exec-4] DEBUG c.b.p.a.a.v.c.VendedoresRestAdapter - Se obtuvieron 6 vendedores
2026-04-26 23:35:13 [http-nio-3000-exec-6] INFO  c.b.p.a.a.v.c.VendedoresRestAdapter - GET /vendedores - Obtener todos los vendedores
2026-04-26 23:35:13 [http-nio-3000-exec-6] DEBUG c.b.p.a.d.v.s.GestionVendedoresService - Obteniendo todos los vendedores
2026-04-26 23:35:13 [http-nio-3000-exec-6] DEBUG c.b.p.a.d.v.s.GestionVendedoresService - Se obtuvieron 6 vendedores
2026-04-26 23:35:13 [http-nio-3000-exec-6] DEBUG c.b.p.a.a.v.c.VendedoresRestAdapter - Se obtuvieron 6 vendedores
2026-04-26 23:35:39 [http-nio-3000-exec-2] INFO  c.b.p.a.a.v.c.VendedoresRestAdapter - POST /vendedores - Crear nuevo vendedor: alejandraloayza68@gmail.com
2026-04-26 23:35:39 [http-nio-3000-exec-2] DEBUG c.b.p.a.d.v.s.GestionVendedoresService - Creando vendedor - Email: alejandraloayza68@gmail.com, Nombre: Alejandra Loayza
2026-04-26 23:35:40 [http-nio-3000-exec-2] INFO  c.b.p.a.d.v.s.GestionVendedoresService - Vendedor creado exitosamente - ID: 5e0e4eff-aec3-46df-a77e-d4feeb19394c, Email: alejandraloayza68@gmail.com
2026-04-26 23:35:40 [http-nio-3000-exec-2] INFO  c.b.p.a.a.v.c.VendedoresRestAdapter - Vendedor creado exitosamente - ID: 5e0e4eff-aec3-46df-a77e-d4feeb19394c, Email: alejandraloayza68@gmail.com
2026-04-26 23:35:40 [http-nio-3000-exec-7] INFO  c.b.p.a.a.v.c.VendedoresRestAdapter - GET /vendedores - Obtener todos los vendedores
2026-04-26 23:35:40 [http-nio-3000-exec-7] DEBUG c.b.p.a.d.v.s.GestionVendedoresService - Obteniendo todos los vendedores
2026-04-26 23:35:41 [http-nio-3000-exec-7] DEBUG c.b.p.a.d.v.s.GestionVendedoresService - Se obtuvieron 7 vendedores
2026-04-26 23:35:41 [http-nio-3000-exec-7] DEBUG c.b.p.a.a.v.c.VendedoresRestAdapter - Se obtuvieron 7 vendedores
2026-04-26 23:37:18 [http-nio-3000-exec-8] WARN  o.s.w.s.m.m.a.ExceptionHandlerExceptionResolver - Resolved [org.springframework.web.bind.MissingServletRequestParameterException: Required request parameter 'userId' for method parameter type String is not present]
2026-04-26 23:37:24 [http-nio-3000-exec-3] INFO  c.b.p.a.a.a.c.AuthRestAdapter - POST /auth/signin - Intento de autenticación para email: andres@gmail.com
2026-04-26 23:37:24 [http-nio-3000-exec-3] DEBUG c.b.p.a.d.a.s.AutorizacionAuthService - Autenticando usuario con email: andres@gmail.com
2026-04-26 23:37:25 [http-nio-3000-exec-3] DEBUG c.b.p.a.d.a.s.AutorizacionAuthService - Autenticación completada para email: andres@gmail.com
2026-04-26 23:37:25 [http-nio-3000-exec-3] INFO  c.b.p.a.a.a.c.AuthRestAdapter - Autenticación exitosa para email: andres@gmail.com
2026-04-26 23:37:25 [http-nio-3000-exec-9] INFO  c.b.p.a.a.a.c.AuthRestAdapter - GET /auth/me - Obtener perfil del usuario actual
2026-04-26 23:37:25 [http-nio-3000-exec-9] DEBUG c.b.p.a.d.a.s.AutorizacionAuthService - Obteniendo perfil por token
2026-04-26 23:37:26 [http-nio-3000-exec-9] DEBUG c.b.p.a.d.a.s.AutorizacionAuthService - Perfil obtenido exitosamente para usuario ID: 6b0a5026-52f3-475a-a20f-5aacf94764f0
2026-04-26 23:37:26 [http-nio-3000-exec-9] DEBUG c.b.p.a.a.a.c.AuthRestAdapter - Perfil obtenido para usuario: andres@gmail.com
2026-04-26 23:37:26 [http-nio-3000-exec-1] INFO  c.b.p.a.a.p.c.ProductosRestAdapter - GET /productos - Obtener todos los productos
2026-04-26 23:37:26 [http-nio-3000-exec-1] DEBUG c.b.p.a.d.p.s.GestionProductosService - Obteniendo todos los productos
2026-04-26 23:37:26 [http-nio-3000-exec-4] DEBUG c.b.p.a.d.a.s.AutorizacionAuthService - Obteniendo perfil por token
2026-04-26 23:37:26 [http-nio-3000-exec-1] DEBUG c.b.p.a.d.p.s.GestionProductosService - Se obtuvieron 25 productos
2026-04-26 23:37:26 [http-nio-3000-exec-1] DEBUG c.b.p.a.a.p.c.ProductosRestAdapter - Se obtuvieron 25 productos
2026-04-26 23:37:26 [http-nio-3000-exec-4] DEBUG c.b.p.a.d.a.s.AutorizacionAuthService - Perfil obtenido exitosamente para usuario ID: 6b0a5026-52f3-475a-a20f-5aacf94764f0
2026-04-26 23:37:26 [http-nio-3000-exec-4] INFO  c.b.p.a.a.i.c.InventarioRestAdapter - GET /inventario/vendedor/6b0a5026-52f3-475a-a20f-5aacf94764f0 - consulta por andres@gmail.com
2026-04-26 23:37:26 [http-nio-3000-exec-4] INFO  c.b.p.a.d.i.s.GestionInventarioService - Consultando cargas por vendedor: 6b0a5026-52f3-475a-a20f-5aacf94764f0
2026-04-26 23:37:26 [http-nio-3000-exec-4] DEBUG c.b.p.a.i.p.s.a.SupabaseAsignacionRepositoryAdapter - Consultando asignaciones por vendedor: 6b0a5026-52f3-475a-a20f-5aacf94764f0
2026-04-26 23:37:26 [http-nio-3000-exec-4] DEBUG c.b.p.a.i.p.s.a.SupabaseAsignacionRepositoryAdapter - Asignaciones encontradas para vendedor 6b0a5026-52f3-475a-a20f-5aacf94764f0: 23
2026-04-26 23:37:27 [http-nio-3000-exec-6] INFO  c.b.p.a.a.p.c.ProductosRestAdapter - GET /productos - Obtener todos los productos
2026-04-26 23:37:27 [http-nio-3000-exec-6] DEBUG c.b.p.a.d.p.s.GestionProductosService - Obteniendo todos los productos
2026-04-26 23:37:27 [http-nio-3000-exec-6] DEBUG c.b.p.a.d.p.s.GestionProductosService - Se obtuvieron 25 productos
2026-04-26 23:37:27 [http-nio-3000-exec-6] DEBUG c.b.p.a.a.p.c.ProductosRestAdapter - Se obtuvieron 25 productos
2026-04-26 23:37:34 [http-nio-3000-exec-5] INFO  c.b.p.a.a.p.c.ProductosRestAdapter - GET /productos - Obtener todos los productos
2026-04-26 23:37:34 [http-nio-3000-exec-5] DEBUG c.b.p.a.d.p.s.GestionProductosService - Obteniendo todos los productos
2026-04-26 23:37:34 [http-nio-3000-exec-5] DEBUG c.b.p.a.d.p.s.GestionProductosService - Se obtuvieron 25 productos
2026-04-26 23:37:34 [http-nio-3000-exec-5] DEBUG c.b.p.a.a.p.c.ProductosRestAdapter - Se obtuvieron 25 productos
2026-04-26 23:38:01 [http-nio-3000-exec-2] INFO  c.b.p.a.a.p.c.ProductosRestAdapter - GET /productos - Obtener todos los productos
2026-04-26 23:38:01 [http-nio-3000-exec-2] DEBUG c.b.p.a.d.p.s.GestionProductosService - Obteniendo todos los productos
2026-04-26 23:38:02 [http-nio-3000-exec-2] DEBUG c.b.p.a.d.p.s.GestionProductosService - Se obtuvieron 25 productos
2026-04-26 23:38:02 [http-nio-3000-exec-2] DEBUG c.b.p.a.a.p.c.ProductosRestAdapter - Se obtuvieron 25 productos
2026-04-26 23:38:04 [http-nio-3000-exec-7] INFO  c.b.p.a.a.a.c.AuthRestAdapter - GET /auth/me - Obtener perfil del usuario actual
2026-04-26 23:38:04 [http-nio-3000-exec-7] DEBUG c.b.p.a.d.a.s.AutorizacionAuthService - Obteniendo perfil por token
2026-04-26 23:38:04 [http-nio-3000-exec-7] DEBUG c.b.p.a.d.a.s.AutorizacionAuthService - Perfil obtenido exitosamente para usuario ID: 6b0a5026-52f3-475a-a20f-5aacf94764f0
2026-04-26 23:38:04 [http-nio-3000-exec-7] DEBUG c.b.p.a.a.a.c.AuthRestAdapter - Perfil obtenido para usuario: andres@gmail.com
2026-04-26 23:38:04 [http-nio-3000-exec-10] DEBUG c.b.p.a.a.c.c.ClientesRestAdapter - Obteniendo clientes; vendedorId=6b0a5026-52f3-475a-a20f-5aacf94764f0
2026-04-26 23:38:04 [http-nio-3000-exec-10] DEBUG c.b.p.a.d.c.s.GestionClientesService - Obteniendo clientes por vendedor: 6b0a5026-52f3-475a-a20f-5aacf94764f0
2026-04-26 23:38:04 [http-nio-3000-exec-10] DEBUG c.b.p.a.i.p.s.a.SupabaseClienteRepositoryAdapter - Obteniendo clientes por vendedorId=6b0a5026-52f3-475a-a20f-5aacf94764f0
2026-04-26 23:38:08 [http-nio-3000-exec-8] INFO  c.b.p.a.a.p.c.ProductosRestAdapter - GET /productos - Obtener todos los productos
2026-04-26 23:38:08 [http-nio-3000-exec-3] DEBUG c.b.p.a.a.c.c.ClientesRestAdapter - Obteniendo clientes; vendedorId=6b0a5026-52f3-475a-a20f-5aacf94764f0
2026-04-26 23:38:08 [http-nio-3000-exec-8] DEBUG c.b.p.a.d.p.s.GestionProductosService - Obteniendo todos los productos
2026-04-26 23:38:08 [http-nio-3000-exec-3] DEBUG c.b.p.a.d.c.s.GestionClientesService - Obteniendo clientes por vendedor: 6b0a5026-52f3-475a-a20f-5aacf94764f0
2026-04-26 23:38:08 [http-nio-3000-exec-3] DEBUG c.b.p.a.i.p.s.a.SupabaseClienteRepositoryAdapter - Obteniendo clientes por vendedorId=6b0a5026-52f3-475a-a20f-5aacf94764f0
2026-04-26 23:38:08 [http-nio-3000-exec-8] DEBUG c.b.p.a.d.p.s.GestionProductosService - Se obtuvieron 25 productos
2026-04-26 23:38:08 [http-nio-3000-exec-8] DEBUG c.b.p.a.a.p.c.ProductosRestAdapter - Se obtuvieron 25 productos
2026-04-26 23:38:23 [http-nio-3000-exec-1] INFO  c.b.p.a.a.ventas.VentaRestAdapter - POST /ventas - Crear nueva venta
2026-04-26 23:38:23 [http-nio-3000-exec-1] INFO  c.b.p.a.d.v.s.GestionVentasService - Creando venta para cliente 7 por vendedor 6b0a5026-52f3-475a-a20f-5aacf94764f0
2026-04-26 23:38:24 [http-nio-3000-exec-1] INFO  c.b.p.a.d.v.s.GestionVentasService - Venta creada con ID: 4
2026-04-26 23:38:24 [http-nio-3000-exec-1] DEBUG c.b.p.a.d.v.s.GestionVentasService - Detalles de venta creados: 2
2026-04-26 23:38:25 [http-nio-3000-exec-1] DEBUG c.b.p.a.d.v.s.GestionVentasService - Stock actualizado para producto 15: 15
2026-04-26 23:38:25 [http-nio-3000-exec-1] DEBUG c.b.p.a.d.v.s.GestionVentasService - Stock actualizado para producto 16: 376
2026-04-26 23:38:25 [http-nio-3000-exec-1] INFO  c.b.p.a.d.v.s.GestionVentasService - Venta completada exitosamente - ID: 4, Total: 120.0
2026-04-26 23:38:25 [http-nio-3000-exec-1] INFO  c.b.p.a.a.ventas.VentaRestAdapter - Venta creada exitosamente - ID: 4
2026-04-26 23:49:42 [http-nio-3000-exec-5] INFO  c.b.p.a.a.p.c.ProductosRestAdapter - GET /productos - Obtener todos los productos
2026-04-26 23:49:42 [http-nio-3000-exec-5] DEBUG c.b.p.a.d.p.s.GestionProductosService - Obteniendo todos los productos
2026-04-26 23:49:42 [http-nio-3000-exec-2] DEBUG c.b.p.a.a.c.c.ClientesRestAdapter - Obteniendo clientes; vendedorId=6b0a5026-52f3-475a-a20f-5aacf94764f0
2026-04-26 23:49:42 [http-nio-3000-exec-2] DEBUG c.b.p.a.d.c.s.GestionClientesService - Obteniendo clientes por vendedor: 6b0a5026-52f3-475a-a20f-5aacf94764f0
2026-04-26 23:49:42 [http-nio-3000-exec-2] DEBUG c.b.p.a.i.p.s.a.SupabaseClienteRepositoryAdapter - Obteniendo clientes por vendedorId=6b0a5026-52f3-475a-a20f-5aacf94764f0
2026-04-26 23:49:45 [http-nio-3000-exec-5] DEBUG c.b.p.a.d.p.s.GestionProductosService - Se obtuvieron 25 productos
2026-04-26 23:49:45 [http-nio-3000-exec-5] DEBUG c.b.p.a.a.p.c.ProductosRestAdapter - Se obtuvieron 25 productos
2026-04-26 23:49:47 [http-nio-3000-exec-10] INFO  c.b.p.a.a.ventas.VentaRestAdapter - GET /ventas/cierre-jornada - Obtener cierre de jornada para vendedor 6b0a5026-52f3-475a-a20f-5aacf94764f0 y fecha 2026-04-26
2026-04-26 23:49:47 [http-nio-3000-exec-10] INFO  c.b.p.a.d.v.s.GestionVentasService - Obteniendo resumen de cierre de jornada para vendedor 6b0a5026-52f3-475a-a20f-5aacf94764f0 en fecha 2026-04-26
2026-04-26 23:50:00 [http-nio-3000-exec-3] INFO  c.b.p.a.a.ventas.VentaRestAdapter - POST /ventas/confirmar-cierre - Confirmar cierre de jornada para vendedor 6b0a5026-52f3-475a-a20f-5aacf94764f0 y fecha 2026-04-26
2026-04-26 23:50:00 [http-nio-3000-exec-3] INFO  c.b.p.a.d.v.s.GestionVentasService - Confirmando cierre de jornada para vendedor 6b0a5026-52f3-475a-a20f-5aacf94764f0 en fecha 2026-04-26 con dinero contado 120
2026-04-26 23:50:00 [http-nio-3000-exec-3] INFO  c.b.p.a.d.v.s.GestionVentasService - Conciliación de efectivo completada - Esperado: 120.0, Contado: 120, Diferencia: 0.0, Estado: CORRECTO
2026-04-26 23:50:00 [http-nio-3000-exec-3] INFO  c.b.p.a.a.ventas.VentaRestAdapter - Cierre de jornada confirmado - Estado conciliación: CORRECTO
2026-04-26 23:50:26 [http-nio-3000-exec-9] INFO  c.b.p.a.a.a.c.AuthRestAdapter - GET /auth/me - Obtener perfil del usuario actual
2026-04-26 23:50:26 [http-nio-3000-exec-9] DEBUG c.b.p.a.d.a.s.AutorizacionAuthService - Obteniendo perfil por token
2026-04-26 23:50:27 [http-nio-3000-exec-9] DEBUG c.b.p.a.d.a.s.AutorizacionAuthService - Perfil obtenido exitosamente para usuario ID: 6b0a5026-52f3-475a-a20f-5aacf94764f0
2026-04-26 23:50:27 [http-nio-3000-exec-9] DEBUG c.b.p.a.a.a.c.AuthRestAdapter - Perfil obtenido para usuario: andres@gmail.com
2026-04-26 23:50:27 [http-nio-3000-exec-1] INFO  c.b.p.a.a.p.c.ProductosRestAdapter - GET /productos - Obtener todos los productos
2026-04-26 23:50:27 [http-nio-3000-exec-1] DEBUG c.b.p.a.d.p.s.GestionProductosService - Obteniendo todos los productos
2026-04-26 23:50:27 [http-nio-3000-exec-4] DEBUG c.b.p.a.d.a.s.AutorizacionAuthService - Obteniendo perfil por token
2026-04-26 23:50:27 [http-nio-3000-exec-1] DEBUG c.b.p.a.d.p.s.GestionProductosService - Se obtuvieron 25 productos
2026-04-26 23:50:27 [http-nio-3000-exec-1] DEBUG c.b.p.a.a.p.c.ProductosRestAdapter - Se obtuvieron 25 productos
2026-04-26 23:50:27 [http-nio-3000-exec-4] DEBUG c.b.p.a.d.a.s.AutorizacionAuthService - Perfil obtenido exitosamente para usuario ID: 6b0a5026-52f3-475a-a20f-5aacf94764f0
2026-04-26 23:50:27 [http-nio-3000-exec-4] INFO  c.b.p.a.a.i.c.InventarioRestAdapter - GET /inventario/vendedor/6b0a5026-52f3-475a-a20f-5aacf94764f0 - consulta por andres@gmail.com
2026-04-26 23:50:27 [http-nio-3000-exec-4] INFO  c.b.p.a.d.i.s.GestionInventarioService - Consultando cargas por vendedor: 6b0a5026-52f3-475a-a20f-5aacf94764f0
2026-04-26 23:50:27 [http-nio-3000-exec-4] DEBUG c.b.p.a.i.p.s.a.SupabaseAsignacionRepositoryAdapter - Consultando asignaciones por vendedor: 6b0a5026-52f3-475a-a20f-5aacf94764f0
2026-04-26 23:50:28 [http-nio-3000-exec-4] DEBUG c.b.p.a.i.p.s.a.SupabaseAsignacionRepositoryAdapter - Asignaciones encontradas para vendedor 6b0a5026-52f3-475a-a20f-5aacf94764f0: 23
2026-04-26 23:50:42 [http-nio-3000-exec-6] INFO  c.b.p.a.a.ventas.VentaRestAdapter - GET /ventas/cierre-jornada - Obtener cierre de jornada para vendedor 6b0a5026-52f3-475a-a20f-5aacf94764f0 y fecha 2026-04-26
2026-04-26 23:50:42 [http-nio-3000-exec-6] INFO  c.b.p.a.d.v.s.GestionVentasService - Obteniendo resumen de cierre de jornada para vendedor 6b0a5026-52f3-475a-a20f-5aacf94764f0 en fecha 2026-04-26
