2026-05-09 00:32:40 [background-preinit] INFO  o.h.validator.internal.util.Version - HV000001: Hibernate Validator 8.0.2.Final
2026-05-09 00:32:40 [restartedMain] INFO  c.back.puntoventa.app.AppApplication - Starting AppApplication using Java 17.0.18 with PID 26588 (C:\Users\LENOVO\Desktop\PuntoVentaOficial\Back-PuntoVenta\target\classes started by LENOVO in C:\Users\LENOVO\Desktop\PuntoVentaOficial\Back-PuntoVenta)
2026-05-09 00:32:40 [restartedMain] DEBUG c.back.puntoventa.app.AppApplication - Running with Spring Boot v3.4.1, Spring v6.2.1
2026-05-09 00:32:40 [restartedMain] INFO  c.back.puntoventa.app.AppApplication - No active profile set, falling back to 1 default profile: "default"
2026-05-09 00:32:40 [restartedMain] INFO  o.s.b.d.e.DevToolsPropertyDefaultsPostProcessor - Devtools property defaults active! Set 'spring.devtools.add-properties' to 'false' to disable
2026-05-09 00:32:40 [restartedMain] INFO  o.s.b.d.e.DevToolsPropertyDefaultsPostProcessor - For additional web related logging consider setting the 'logging.level.web' property to 'DEBUG'
2026-05-09 00:32:41 [restartedMain] INFO  o.s.b.w.e.tomcat.TomcatWebServer - Tomcat initialized with port 3000 (http)
2026-05-09 00:32:41 [restartedMain] INFO  o.a.coyote.http11.Http11NioProtocol - Initializing ProtocolHandler ["http-nio-3000"]
2026-05-09 00:32:41 [restartedMain] INFO  o.a.catalina.core.StandardService - Starting service [Tomcat]
2026-05-09 00:32:41 [restartedMain] INFO  o.a.catalina.core.StandardEngine - Starting Servlet engine: [Apache Tomcat/10.1.34]
2026-05-09 00:32:41 [restartedMain] INFO  o.a.c.c.C.[Tomcat].[localhost].[/] - Initializing Spring embedded WebApplicationContext
2026-05-09 00:32:41 [restartedMain] INFO  o.s.b.w.s.c.ServletWebServerApplicationContext - Root WebApplicationContext: initialization completed in 1155 ms
2026-05-09 00:32:42 [restartedMain] INFO  o.s.b.d.a.OptionalLiveReloadServer - LiveReload server is running on port 35729
2026-05-09 00:32:42 [restartedMain] INFO  o.a.coyote.http11.Http11NioProtocol - Starting ProtocolHandler ["http-nio-3000"]
2026-05-09 00:32:42 [restartedMain] INFO  o.s.b.w.e.tomcat.TomcatWebServer - Tomcat started on port 3000 (http) with context path '/'
2026-05-09 00:32:42 [restartedMain] INFO  c.back.puntoventa.app.AppApplication - Started AppApplication in 2.337 seconds (process running for 2.769)
2026-05-09 00:45:41 [http-nio-3000-exec-1] INFO  o.a.c.c.C.[Tomcat].[localhost].[/] - Initializing Spring DispatcherServlet 'dispatcherServlet'
2026-05-09 00:45:41 [http-nio-3000-exec-1] INFO  o.s.web.servlet.DispatcherServlet - Initializing Servlet 'dispatcherServlet'
2026-05-09 00:45:41 [http-nio-3000-exec-1] INFO  o.s.web.servlet.DispatcherServlet - Completed initialization in 1 ms
2026-05-09 00:45:42 [http-nio-3000-exec-2] INFO  c.b.p.a.a.a.c.AuthRestAdapter - POST /auth/signin - Intento de autenticación para email: andres@gmail.com
2026-05-09 00:45:42 [http-nio-3000-exec-2] DEBUG c.b.p.a.d.a.s.AutorizacionAuthService - Autenticando usuario con email: andres@gmail.com
2026-05-09 00:45:43 [http-nio-3000-exec-2] DEBUG c.b.p.a.d.a.s.AutorizacionAuthService - Autenticación completada para email: andres@gmail.com
2026-05-09 00:45:43 [http-nio-3000-exec-2] INFO  c.b.p.a.a.a.c.AuthRestAdapter - Autenticación exitosa para email: andres@gmail.com
2026-05-09 00:45:43 [http-nio-3000-exec-4] INFO  c.b.p.a.a.a.c.AuthRestAdapter - GET /auth/me - Obtener perfil del usuario actual
2026-05-09 00:45:43 [http-nio-3000-exec-4] DEBUG c.b.p.a.d.a.s.AutorizacionAuthService - Obteniendo perfil por token
2026-05-09 00:45:43 [http-nio-3000-exec-4] DEBUG c.b.p.a.d.a.s.AutorizacionAuthService - Perfil obtenido exitosamente para usuario ID: 6b0a5026-52f3-475a-a20f-5aacf94764f0
2026-05-09 00:45:43 [http-nio-3000-exec-4] DEBUG c.b.p.a.a.a.c.AuthRestAdapter - Perfil obtenido para usuario: andres@gmail.com
2026-05-09 00:45:43 [http-nio-3000-exec-8] INFO  c.b.p.a.a.p.c.ProductosRestAdapter - GET /productos - Obtener todos los productos
2026-05-09 00:45:43 [http-nio-3000-exec-8] DEBUG c.b.p.a.d.p.s.GestionProductosService - Obteniendo todos los productos
2026-05-09 00:45:43 [http-nio-3000-exec-9] DEBUG c.b.p.a.d.a.s.AutorizacionAuthService - Obteniendo perfil por token
2026-05-09 00:45:43 [http-nio-3000-exec-10] INFO  c.b.p.a.a.ventas.VentaRestAdapter - GET /ventas/cierre-jornada - Obtener cierre de jornada para vendedor 6b0a5026-52f3-475a-a20f-5aacf94764f0 y fecha 2026-05-09
2026-05-09 00:45:43 [http-nio-3000-exec-10] INFO  c.b.p.a.d.v.s.GestionVentasService - Obteniendo resumen de cierre de jornada para vendedor 6b0a5026-52f3-475a-a20f-5aacf94764f0 en fecha 2026-05-09
2026-05-09 00:45:44 [http-nio-3000-exec-8] DEBUG c.b.p.a.d.p.s.GestionProductosService - Se obtuvieron 25 productos
2026-05-09 00:45:44 [http-nio-3000-exec-8] DEBUG c.b.p.a.a.p.c.ProductosRestAdapter - Se obtuvieron 25 productos
2026-05-09 00:45:44 [http-nio-3000-exec-9] DEBUG c.b.p.a.d.a.s.AutorizacionAuthService - Perfil obtenido exitosamente para usuario ID: 6b0a5026-52f3-475a-a20f-5aacf94764f0
2026-05-09 00:45:44 [http-nio-3000-exec-9] INFO  c.b.p.a.a.i.c.InventarioRestAdapter - GET /inventario/vendedor/6b0a5026-52f3-475a-a20f-5aacf94764f0 - consulta por andres@gmail.com
2026-05-09 00:45:44 [http-nio-3000-exec-9] INFO  c.b.p.a.d.i.s.GestionInventarioService - Consultando cargas por vendedor: 6b0a5026-52f3-475a-a20f-5aacf94764f0
2026-05-09 00:45:44 [http-nio-3000-exec-9] DEBUG c.b.p.a.i.p.s.a.SupabaseAsignacionRepositoryAdapter - Consultando asignaciones por vendedor: 6b0a5026-52f3-475a-a20f-5aacf94764f0
2026-05-09 00:45:44 [http-nio-3000-exec-9] DEBUG c.b.p.a.i.p.s.a.SupabaseAsignacionRepositoryAdapter - Asignaciones encontradas para vendedor 6b0a5026-52f3-475a-a20f-5aacf94764f0: 31
2026-05-09 00:46:06 [http-nio-3000-exec-1] INFO  c.b.p.a.a.a.c.AuthRestAdapter - GET /auth/me - Obtener perfil del usuario actual
2026-05-09 00:46:06 [http-nio-3000-exec-1] DEBUG c.b.p.a.d.a.s.AutorizacionAuthService - Obteniendo perfil por token
2026-05-09 00:46:07 [http-nio-3000-exec-1] DEBUG c.b.p.a.d.a.s.AutorizacionAuthService - Perfil obtenido exitosamente para usuario ID: 6b0a5026-52f3-475a-a20f-5aacf94764f0
2026-05-09 00:46:07 [http-nio-3000-exec-1] DEBUG c.b.p.a.a.a.c.AuthRestAdapter - Perfil obtenido para usuario: andres@gmail.com
2026-05-09 00:46:07 [http-nio-3000-exec-3] DEBUG c.b.p.a.a.c.c.ClientesRestAdapter - Obteniendo clientes; vendedorId=6b0a5026-52f3-475a-a20f-5aacf94764f0
2026-05-09 00:46:07 [http-nio-3000-exec-3] DEBUG c.b.p.a.d.c.s.GestionClientesService - Obteniendo clientes por vendedor: 6b0a5026-52f3-475a-a20f-5aacf94764f0
2026-05-09 00:46:07 [http-nio-3000-exec-3] DEBUG c.b.p.a.i.p.s.a.SupabaseClienteRepositoryAdapter - Obteniendo clientes por vendedorId=6b0a5026-52f3-475a-a20f-5aacf94764f0
2026-05-09 00:46:10 [http-nio-3000-exec-5] INFO  c.b.p.a.a.c.CierreJornadaRestAdapter - GET /cierres/vendedor/6b0a5026-52f3-475a-a20f-5aacf94764f0 - Historial de cierres
2026-05-09 00:46:10 [http-nio-3000-exec-7] INFO  c.b.p.a.a.p.c.ProductosRestAdapter - GET /productos - Obtener todos los productos
2026-05-09 00:46:10 [http-nio-3000-exec-7] DEBUG c.b.p.a.d.p.s.GestionProductosService - Obteniendo todos los productos
2026-05-09 00:46:10 [http-nio-3000-exec-6] DEBUG c.b.p.a.d.a.s.AutorizacionAuthService - Obteniendo perfil por token
2026-05-09 00:46:10 [http-nio-3000-exec-9] DEBUG c.b.p.a.a.c.c.ClientesRestAdapter - Obteniendo clientes; vendedorId=6b0a5026-52f3-475a-a20f-5aacf94764f0
2026-05-09 00:46:10 [http-nio-3000-exec-8] INFO  c.b.p.a.a.ventas.VentaRestAdapter - GET /ventas/cierre-jornada - Obtener cierre de jornada para vendedor 6b0a5026-52f3-475a-a20f-5aacf94764f0 y fecha 2026-05-09
2026-05-09 00:46:10 [http-nio-3000-exec-9] DEBUG c.b.p.a.d.c.s.GestionClientesService - Obteniendo clientes por vendedor: 6b0a5026-52f3-475a-a20f-5aacf94764f0
2026-05-09 00:46:10 [http-nio-3000-exec-8] INFO  c.b.p.a.d.v.s.GestionVentasService - Obteniendo resumen de cierre de jornada para vendedor 6b0a5026-52f3-475a-a20f-5aacf94764f0 en fecha 2026-05-09
2026-05-09 00:46:10 [http-nio-3000-exec-9] DEBUG c.b.p.a.i.p.s.a.SupabaseClienteRepositoryAdapter - Obteniendo clientes por vendedorId=6b0a5026-52f3-475a-a20f-5aacf94764f0
2026-05-09 00:46:10 [http-nio-3000-exec-7] DEBUG c.b.p.a.d.p.s.GestionProductosService - Se obtuvieron 25 productos
2026-05-09 00:46:10 [http-nio-3000-exec-7] DEBUG c.b.p.a.a.p.c.ProductosRestAdapter - Se obtuvieron 25 productos
2026-05-09 00:46:10 [http-nio-3000-exec-6] DEBUG c.b.p.a.d.a.s.AutorizacionAuthService - Perfil obtenido exitosamente para usuario ID: 6b0a5026-52f3-475a-a20f-5aacf94764f0
2026-05-09 00:46:10 [http-nio-3000-exec-6] INFO  c.b.p.a.a.i.c.InventarioRestAdapter - GET /inventario/vendedor/6b0a5026-52f3-475a-a20f-5aacf94764f0 - consulta por andres@gmail.com
2026-05-09 00:46:10 [http-nio-3000-exec-6] INFO  c.b.p.a.d.i.s.GestionInventarioService - Consultando cargas por vendedor: 6b0a5026-52f3-475a-a20f-5aacf94764f0
2026-05-09 00:46:10 [http-nio-3000-exec-6] DEBUG c.b.p.a.i.p.s.a.SupabaseAsignacionRepositoryAdapter - Consultando asignaciones por vendedor: 6b0a5026-52f3-475a-a20f-5aacf94764f0
2026-05-09 00:46:10 [http-nio-3000-exec-6] DEBUG c.b.p.a.i.p.s.a.SupabaseAsignacionRepositoryAdapter - Asignaciones encontradas para vendedor 6b0a5026-52f3-475a-a20f-5aacf94764f0: 31
2026-05-09 00:47:37 [http-nio-3000-exec-4] INFO  c.b.p.a.a.ventas.VentaRestAdapter - POST /ventas - Crear nueva venta
2026-05-09 00:47:37 [http-nio-3000-exec-4] INFO  c.b.p.a.d.v.s.GestionVentasService - Procesando solicitud de venta. Cliente: 5, Vendedor: 6b0a5026-52f3-475a-a20f-5aacf94764f0, ID Local: 92b1e155-b584-43b0-b285-8aa1423a1305
2026-05-09 00:47:38 [http-nio-3000-exec-4] INFO  c.b.p.a.d.v.s.GestionVentasService - Venta creada con ID: 27
2026-05-09 00:47:39 [http-nio-3000-exec-4] DEBUG c.b.p.a.d.v.s.GestionVentasService - Detalles de venta creados: 1
2026-05-09 00:47:39 [http-nio-3000-exec-4] DEBUG c.b.p.a.d.v.s.GestionVentasService - Stock actualizado para producto 9000115: 3
2026-05-09 00:47:39 [http-nio-3000-exec-4] INFO  c.b.p.a.d.v.s.GestionVentasService - Venta completada exitosamente - ID: 27, Total: 109.0
2026-05-09 00:47:39 [http-nio-3000-exec-4] INFO  c.b.p.a.a.ventas.VentaRestAdapter - Venta creada exitosamente - ID: 27
2026-05-09 00:48:40 [http-nio-3000-exec-9] INFO  c.b.p.a.a.c.CierreJornadaRestAdapter - GET /cierres/vendedor/6b0a5026-52f3-475a-a20f-5aacf94764f0 - Historial de cierres
2026-05-09 00:48:41 [http-nio-3000-exec-6] INFO  c.b.p.a.a.p.c.ProductosRestAdapter - GET /productos - Obtener todos los productos
2026-05-09 00:48:41 [http-nio-3000-exec-10] DEBUG c.b.p.a.a.c.c.ClientesRestAdapter - Obteniendo clientes; vendedorId=6b0a5026-52f3-475a-a20f-5aacf94764f0
2026-05-09 00:48:41 [http-nio-3000-exec-6] DEBUG c.b.p.a.d.p.s.GestionProductosService - Obteniendo todos los productos
2026-05-09 00:48:41 [http-nio-3000-exec-8] INFO  c.b.p.a.a.ventas.VentaRestAdapter - GET /ventas/cierre-jornada - Obtener cierre de jornada para vendedor 6b0a5026-52f3-475a-a20f-5aacf94764f0 y fecha 2026-05-09
2026-05-09 00:48:41 [http-nio-3000-exec-10] DEBUG c.b.p.a.d.c.s.GestionClientesService - Obteniendo clientes por vendedor: 6b0a5026-52f3-475a-a20f-5aacf94764f0
2026-05-09 00:48:41 [http-nio-3000-exec-7] DEBUG c.b.p.a.d.a.s.AutorizacionAuthService - Obteniendo perfil por token
2026-05-09 00:48:41 [http-nio-3000-exec-10] DEBUG c.b.p.a.i.p.s.a.SupabaseClienteRepositoryAdapter - Obteniendo clientes por vendedorId=6b0a5026-52f3-475a-a20f-5aacf94764f0
2026-05-09 00:48:41 [http-nio-3000-exec-8] INFO  c.b.p.a.d.v.s.GestionVentasService - Obteniendo resumen de cierre de jornada para vendedor 6b0a5026-52f3-475a-a20f-5aacf94764f0 en fecha 2026-05-09
2026-05-09 00:48:41 [http-nio-3000-exec-6] DEBUG c.b.p.a.d.p.s.GestionProductosService - Se obtuvieron 25 productos
2026-05-09 00:48:41 [http-nio-3000-exec-6] DEBUG c.b.p.a.a.p.c.ProductosRestAdapter - Se obtuvieron 25 productos
2026-05-09 00:48:41 [http-nio-3000-exec-7] DEBUG c.b.p.a.d.a.s.AutorizacionAuthService - Perfil obtenido exitosamente para usuario ID: 6b0a5026-52f3-475a-a20f-5aacf94764f0
2026-05-09 00:48:41 [http-nio-3000-exec-7] INFO  c.b.p.a.a.i.c.InventarioRestAdapter - GET /inventario/vendedor/6b0a5026-52f3-475a-a20f-5aacf94764f0 - consulta por andres@gmail.com
2026-05-09 00:48:41 [http-nio-3000-exec-7] INFO  c.b.p.a.d.i.s.GestionInventarioService - Consultando cargas por vendedor: 6b0a5026-52f3-475a-a20f-5aacf94764f0
2026-05-09 00:48:41 [http-nio-3000-exec-7] DEBUG c.b.p.a.i.p.s.a.SupabaseAsignacionRepositoryAdapter - Consultando asignaciones por vendedor: 6b0a5026-52f3-475a-a20f-5aacf94764f0
2026-05-09 00:48:41 [http-nio-3000-exec-7] DEBUG c.b.p.a.i.p.s.a.SupabaseAsignacionRepositoryAdapter - Asignaciones encontradas para vendedor 6b0a5026-52f3-475a-a20f-5aacf94764f0: 31
2026-05-09 00:48:41 [http-nio-3000-exec-2] DEBUG c.b.p.a.a.c.c.ClientesRestAdapter - Obteniendo clientes; vendedorId=6b0a5026-52f3-475a-a20f-5aacf94764f0
2026-05-09 00:48:41 [http-nio-3000-exec-2] DEBUG c.b.p.a.d.c.s.GestionClientesService - Obteniendo clientes por vendedor: 6b0a5026-52f3-475a-a20f-5aacf94764f0
2026-05-09 00:48:41 [http-nio-3000-exec-2] DEBUG c.b.p.a.i.p.s.a.SupabaseClienteRepositoryAdapter - Obteniendo clientes por vendedorId=6b0a5026-52f3-475a-a20f-5aacf94764f0
2026-05-09 00:48:51 [http-nio-3000-exec-1] INFO  c.b.p.a.a.c.CierreJornadaRestAdapter - GET /cierres/vendedor/6b0a5026-52f3-475a-a20f-5aacf94764f0 - Historial de cierres
2026-05-09 00:48:51 [http-nio-3000-exec-4] INFO  c.b.p.a.a.p.c.ProductosRestAdapter - GET /productos - Obtener todos los productos
2026-05-09 00:48:51 [http-nio-3000-exec-9] DEBUG c.b.p.a.a.c.c.ClientesRestAdapter - Obteniendo clientes; vendedorId=6b0a5026-52f3-475a-a20f-5aacf94764f0
2026-05-09 00:48:51 [http-nio-3000-exec-3] DEBUG c.b.p.a.d.a.s.AutorizacionAuthService - Obteniendo perfil por token
2026-05-09 00:48:51 [http-nio-3000-exec-9] DEBUG c.b.p.a.d.c.s.GestionClientesService - Obteniendo clientes por vendedor: 6b0a5026-52f3-475a-a20f-5aacf94764f0
2026-05-09 00:48:51 [http-nio-3000-exec-5] INFO  c.b.p.a.a.ventas.VentaRestAdapter - GET /ventas/cierre-jornada - Obtener cierre de jornada para vendedor 6b0a5026-52f3-475a-a20f-5aacf94764f0 y fecha 2026-05-09
2026-05-09 00:48:51 [http-nio-3000-exec-4] DEBUG c.b.p.a.d.p.s.GestionProductosService - Obteniendo todos los productos
2026-05-09 00:48:51 [http-nio-3000-exec-9] DEBUG c.b.p.a.i.p.s.a.SupabaseClienteRepositoryAdapter - Obteniendo clientes por vendedorId=6b0a5026-52f3-475a-a20f-5aacf94764f0
2026-05-09 00:48:51 [http-nio-3000-exec-5] INFO  c.b.p.a.d.v.s.GestionVentasService - Obteniendo resumen de cierre de jornada para vendedor 6b0a5026-52f3-475a-a20f-5aacf94764f0 en fecha 2026-05-09
2026-05-09 00:48:51 [http-nio-3000-exec-4] DEBUG c.b.p.a.d.p.s.GestionProductosService - Se obtuvieron 25 productos
2026-05-09 00:48:51 [http-nio-3000-exec-4] DEBUG c.b.p.a.a.p.c.ProductosRestAdapter - Se obtuvieron 25 productos
2026-05-09 00:48:51 [http-nio-3000-exec-3] DEBUG c.b.p.a.d.a.s.AutorizacionAuthService - Perfil obtenido exitosamente para usuario ID: 6b0a5026-52f3-475a-a20f-5aacf94764f0
2026-05-09 00:48:51 [http-nio-3000-exec-3] INFO  c.b.p.a.a.i.c.InventarioRestAdapter - GET /inventario/vendedor/6b0a5026-52f3-475a-a20f-5aacf94764f0 - consulta por andres@gmail.com
2026-05-09 00:48:51 [http-nio-3000-exec-3] INFO  c.b.p.a.d.i.s.GestionInventarioService - Consultando cargas por vendedor: 6b0a5026-52f3-475a-a20f-5aacf94764f0
2026-05-09 00:48:51 [http-nio-3000-exec-3] DEBUG c.b.p.a.i.p.s.a.SupabaseAsignacionRepositoryAdapter - Consultando asignaciones por vendedor: 6b0a5026-52f3-475a-a20f-5aacf94764f0
2026-05-09 00:48:51 [http-nio-3000-exec-3] DEBUG c.b.p.a.i.p.s.a.SupabaseAsignacionRepositoryAdapter - Asignaciones encontradas para vendedor 6b0a5026-52f3-475a-a20f-5aacf94764f0: 31
2026-05-09 00:49:40 [http-nio-3000-exec-10] INFO  c.b.p.a.a.ventas.VentaRestAdapter - POST /ventas - Crear nueva venta
2026-05-09 00:49:40 [http-nio-3000-exec-10] INFO  c.b.p.a.d.v.s.GestionVentasService - Procesando solicitud de venta. Cliente: 20, Vendedor: 6b0a5026-52f3-475a-a20f-5aacf94764f0, ID Local: 0403cf0d-4589-4294-a9d0-ec6c8f81c733
2026-05-09 00:49:41 [http-nio-3000-exec-10] INFO  c.b.p.a.d.v.s.GestionVentasService - Venta creada con ID: 28
2026-05-09 00:49:42 [http-nio-3000-exec-10] DEBUG c.b.p.a.d.v.s.GestionVentasService - Detalles de venta creados: 1
2026-05-09 00:49:42 [http-nio-3000-exec-10] DEBUG c.b.p.a.d.v.s.GestionVentasService - Stock actualizado para producto 9000118: 13
2026-05-09 00:49:42 [http-nio-3000-exec-10] INFO  c.b.p.a.d.v.s.GestionVentasService - Venta completada exitosamente - ID: 28, Total: 12.4
2026-05-09 00:49:42 [http-nio-3000-exec-10] INFO  c.b.p.a.a.ventas.VentaRestAdapter - Venta creada exitosamente - ID: 28
